<?xml version="1.0" encoding="ISO-8859-1" ?>
<link_info>
   <banner>TI ARM Linker Unix v18.12.1.LTS</banner>
   <copyright>Copyright (c) 1996-2018 Texas Instruments Incorporated</copyright>
   <link_time>0x5cc0d14e</link_time>
   <link_errors>0x0</link_errors>
   <output_file>TestProj.out</output_file>
   <entry_point>
      <name>_c_int00_noargs</name>
      <address>0x3ecd</address>
   </entry_point>
   <input_file_list>
      <input_file id="fl-1">
         <path>./</path>
         <kind>object</kind>
         <file>CortexM.obj</file>
         <name>CortexM.obj</name>
      </input_file>
      <input_file id="fl-2">
         <path>./</path>
         <kind>object</kind>
         <file>Reflectance.obj</file>
         <name>Reflectance.obj</name>
      </input_file>
      <input_file id="fl-3">
         <path>./</path>
         <kind>object</kind>
         <file>TExaS.obj</file>
         <name>TExaS.obj</name>
      </input_file>
      <input_file id="fl-4">
         <path>./</path>
         <kind>object</kind>
         <file>lab7_interrupts.obj</file>
         <name>lab7_interrupts.obj</name>
      </input_file>
      <input_file id="fl-5">
         <path>./</path>
         <kind>object</kind>
         <file>startup_msp432p401r_ccs.obj</file>
         <name>startup_msp432p401r_ccs.obj</name>
      </input_file>
      <input_file id="fl-6">
         <path>./</path>
         <kind>object</kind>
         <file>system_msp432p401r.obj</file>
         <name>system_msp432p401r.obj</name>
      </input_file>
      <input_file id="fl-a">
         <kind>object</kind>
         <file>&lt;internal&gt;</file>
         <name>&lt;internal&gt;</name>
      </input_file>
      <input_file id="fl-c0">
         <path>/Applications/ti/ccs901/ccs/tools/compiler/ti-cgt-arm_18.12.1.LTS/lib/</path>
         <kind>archive</kind>
         <file>rtsv7M4_T_le_v4SPD16_eabi.lib</file>
         <name>printf.c.obj</name>
      </input_file>
      <input_file id="fl-c1">
         <path>/Applications/ti/ccs901/ccs/tools/compiler/ti-cgt-arm_18.12.1.LTS/lib/</path>
         <kind>archive</kind>
         <file>rtsv7M4_T_le_v4SPD16_eabi.lib</file>
         <name>_printfi.c.obj</name>
      </input_file>
      <input_file id="fl-c2">
         <path>/Applications/ti/ccs901/ccs/tools/compiler/ti-cgt-arm_18.12.1.LTS/lib/</path>
         <kind>archive</kind>
         <file>rtsv7M4_T_le_v4SPD16_eabi.lib</file>
         <name>fputc.c.obj</name>
      </input_file>
      <input_file id="fl-c3">
         <path>/Applications/ti/ccs901/ccs/tools/compiler/ti-cgt-arm_18.12.1.LTS/lib/</path>
         <kind>archive</kind>
         <file>rtsv7M4_T_le_v4SPD16_eabi.lib</file>
         <name>fputs.c.obj</name>
      </input_file>
      <input_file id="fl-c4">
         <path>/Applications/ti/ccs901/ccs/tools/compiler/ti-cgt-arm_18.12.1.LTS/lib/</path>
         <kind>archive</kind>
         <file>rtsv7M4_T_le_v4SPD16_eabi.lib</file>
         <name>_io_perm.c.obj</name>
      </input_file>
      <input_file id="fl-c5">
         <path>/Applications/ti/ccs901/ccs/tools/compiler/ti-cgt-arm_18.12.1.LTS/lib/</path>
         <kind>archive</kind>
         <file>rtsv7M4_T_le_v4SPD16_eabi.lib</file>
         <name>setvbuf.c.obj</name>
      </input_file>
      <input_file id="fl-c6">
         <path>/Applications/ti/ccs901/ccs/tools/compiler/ti-cgt-arm_18.12.1.LTS/lib/</path>
         <kind>archive</kind>
         <file>rtsv7M4_T_le_v4SPD16_eabi.lib</file>
         <name>s_frexp.c.obj</name>
      </input_file>
      <input_file id="fl-c7">
         <path>/Applications/ti/ccs901/ccs/tools/compiler/ti-cgt-arm_18.12.1.LTS/lib/</path>
         <kind>archive</kind>
         <file>rtsv7M4_T_le_v4SPD16_eabi.lib</file>
         <name>s_scalbn.c.obj</name>
      </input_file>
      <input_file id="fl-c8">
         <path>/Applications/ti/ccs901/ccs/tools/compiler/ti-cgt-arm_18.12.1.LTS/lib/</path>
         <kind>archive</kind>
         <file>rtsv7M4_T_le_v4SPD16_eabi.lib</file>
         <name>s_copysign.c.obj</name>
      </input_file>
      <input_file id="fl-c9">
         <path>/Applications/ti/ccs901/ccs/tools/compiler/ti-cgt-arm_18.12.1.LTS/lib/</path>
         <kind>archive</kind>
         <file>rtsv7M4_T_le_v4SPD16_eabi.lib</file>
         <name>ull_div_t2.asm.obj</name>
      </input_file>
      <input_file id="fl-ca">
         <path>/Applications/ti/ccs901/ccs/tools/compiler/ti-cgt-arm_18.12.1.LTS/lib/</path>
         <kind>archive</kind>
         <file>rtsv7M4_T_le_v4SPD16_eabi.lib</file>
         <name>fd_add_t2.asm.obj</name>
      </input_file>
      <input_file id="fl-cb">
         <path>/Applications/ti/ccs901/ccs/tools/compiler/ti-cgt-arm_18.12.1.LTS/lib/</path>
         <kind>archive</kind>
         <file>rtsv7M4_T_le_v4SPD16_eabi.lib</file>
         <name>fd_cmp_t2.asm.obj</name>
      </input_file>
      <input_file id="fl-cc">
         <path>/Applications/ti/ccs901/ccs/tools/compiler/ti-cgt-arm_18.12.1.LTS/lib/</path>
         <kind>archive</kind>
         <file>rtsv7M4_T_le_v4SPD16_eabi.lib</file>
         <name>fd_div_t2.asm.obj</name>
      </input_file>
      <input_file id="fl-cd">
         <path>/Applications/ti/ccs901/ccs/tools/compiler/ti-cgt-arm_18.12.1.LTS/lib/</path>
         <kind>archive</kind>
         <file>rtsv7M4_T_le_v4SPD16_eabi.lib</file>
         <name>fd_mul_t2.asm.obj</name>
      </input_file>
      <input_file id="fl-ce">
         <path>/Applications/ti/ccs901/ccs/tools/compiler/ti-cgt-arm_18.12.1.LTS/lib/</path>
         <kind>archive</kind>
         <file>rtsv7M4_T_le_v4SPD16_eabi.lib</file>
         <name>fd_toi_t2.asm.obj</name>
      </input_file>
      <input_file id="fl-cf">
         <path>/Applications/ti/ccs901/ccs/tools/compiler/ti-cgt-arm_18.12.1.LTS/lib/</path>
         <kind>archive</kind>
         <file>rtsv7M4_T_le_v4SPD16_eabi.lib</file>
         <name>i_tofd_t2.asm.obj</name>
      </input_file>
      <input_file id="fl-d0">
         <path>/Applications/ti/ccs901/ccs/tools/compiler/ti-cgt-arm_18.12.1.LTS/lib/</path>
         <kind>archive</kind>
         <file>rtsv7M4_T_le_v4SPD16_eabi.lib</file>
         <name>memcpy_t2.asm.obj</name>
      </input_file>
      <input_file id="fl-d1">
         <path>/Applications/ti/ccs901/ccs/tools/compiler/ti-cgt-arm_18.12.1.LTS/lib/</path>
         <kind>archive</kind>
         <file>rtsv7M4_T_le_v4SPD16_eabi.lib</file>
         <name>memset_t2.asm.obj</name>
      </input_file>
      <input_file id="fl-d2">
         <path>/Applications/ti/ccs901/ccs/tools/compiler/ti-cgt-arm_18.12.1.LTS/lib/</path>
         <kind>archive</kind>
         <file>rtsv7M4_T_le_v4SPD16_eabi.lib</file>
         <name>copy_zero_init.c.obj</name>
      </input_file>
      <input_file id="fl-d3">
         <path>/Applications/ti/ccs901/ccs/tools/compiler/ti-cgt-arm_18.12.1.LTS/lib/</path>
         <kind>archive</kind>
         <file>rtsv7M4_T_le_v4SPD16_eabi.lib</file>
         <name>copy_decompress_none.c.obj</name>
      </input_file>
      <input_file id="fl-d4">
         <path>/Applications/ti/ccs901/ccs/tools/compiler/ti-cgt-arm_18.12.1.LTS/lib/</path>
         <kind>archive</kind>
         <file>rtsv7M4_T_le_v4SPD16_eabi.lib</file>
         <name>copy_decompress_lzss.c.obj</name>
      </input_file>
      <input_file id="fl-d5">
         <path>/Applications/ti/ccs901/ccs/tools/compiler/ti-cgt-arm_18.12.1.LTS/lib/</path>
         <kind>archive</kind>
         <file>rtsv7M4_T_le_v4SPD16_eabi.lib</file>
         <name>exit.c.obj</name>
      </input_file>
      <input_file id="fl-d6">
         <path>/Applications/ti/ccs901/ccs/tools/compiler/ti-cgt-arm_18.12.1.LTS/lib/</path>
         <kind>archive</kind>
         <file>rtsv7M4_T_le_v4SPD16_eabi.lib</file>
         <name>_lock.c.obj</name>
      </input_file>
      <input_file id="fl-d7">
         <path>/Applications/ti/ccs901/ccs/tools/compiler/ti-cgt-arm_18.12.1.LTS/lib/</path>
         <kind>archive</kind>
         <file>rtsv7M4_T_le_v4SPD16_eabi.lib</file>
         <name>atoi.c.obj</name>
      </input_file>
      <input_file id="fl-d8">
         <path>/Applications/ti/ccs901/ccs/tools/compiler/ti-cgt-arm_18.12.1.LTS/lib/</path>
         <kind>archive</kind>
         <file>rtsv7M4_T_le_v4SPD16_eabi.lib</file>
         <name>ctype.c.obj</name>
      </input_file>
      <input_file id="fl-d9">
         <path>/Applications/ti/ccs901/ccs/tools/compiler/ti-cgt-arm_18.12.1.LTS/lib/</path>
         <kind>archive</kind>
         <file>rtsv7M4_T_le_v4SPD16_eabi.lib</file>
         <name>defs.c.obj</name>
      </input_file>
      <input_file id="fl-da">
         <path>/Applications/ti/ccs901/ccs/tools/compiler/ti-cgt-arm_18.12.1.LTS/lib/</path>
         <kind>archive</kind>
         <file>rtsv7M4_T_le_v4SPD16_eabi.lib</file>
         <name>ltoa.c.obj</name>
      </input_file>
      <input_file id="fl-db">
         <path>/Applications/ti/ccs901/ccs/tools/compiler/ti-cgt-arm_18.12.1.LTS/lib/</path>
         <kind>archive</kind>
         <file>rtsv7M4_T_le_v4SPD16_eabi.lib</file>
         <name>memccpy.c.obj</name>
      </input_file>
      <input_file id="fl-dc">
         <path>/Applications/ti/ccs901/ccs/tools/compiler/ti-cgt-arm_18.12.1.LTS/lib/</path>
         <kind>archive</kind>
         <file>rtsv7M4_T_le_v4SPD16_eabi.lib</file>
         <name>memchr.c.obj</name>
      </input_file>
      <input_file id="fl-dd">
         <path>/Applications/ti/ccs901/ccs/tools/compiler/ti-cgt-arm_18.12.1.LTS/lib/</path>
         <kind>archive</kind>
         <file>rtsv7M4_T_le_v4SPD16_eabi.lib</file>
         <name>memory.c.obj</name>
      </input_file>
      <input_file id="fl-de">
         <path>/Applications/ti/ccs901/ccs/tools/compiler/ti-cgt-arm_18.12.1.LTS/lib/</path>
         <kind>archive</kind>
         <file>rtsv7M4_T_le_v4SPD16_eabi.lib</file>
         <name>strchr.c.obj</name>
      </input_file>
      <input_file id="fl-df">
         <path>/Applications/ti/ccs901/ccs/tools/compiler/ti-cgt-arm_18.12.1.LTS/lib/</path>
         <kind>archive</kind>
         <file>rtsv7M4_T_le_v4SPD16_eabi.lib</file>
         <name>strlen.c.obj</name>
      </input_file>
      <input_file id="fl-e0">
         <path>/Applications/ti/ccs901/ccs/tools/compiler/ti-cgt-arm_18.12.1.LTS/lib/</path>
         <kind>archive</kind>
         <file>rtsv7M4_T_le_v4SPD16_eabi.lib</file>
         <name>write.c.obj</name>
      </input_file>
      <input_file id="fl-e1">
         <path>/Applications/ti/ccs901/ccs/tools/compiler/ti-cgt-arm_18.12.1.LTS/lib/</path>
         <kind>archive</kind>
         <file>rtsv7M4_T_le_v4SPD16_eabi.lib</file>
         <name>host_device.c.obj</name>
      </input_file>
      <input_file id="fl-e2">
         <path>/Applications/ti/ccs901/ccs/tools/compiler/ti-cgt-arm_18.12.1.LTS/lib/</path>
         <kind>archive</kind>
         <file>rtsv7M4_T_le_v4SPD16_eabi.lib</file>
         <name>errno.c.obj</name>
      </input_file>
      <input_file id="fl-e3">
         <path>/Applications/ti/ccs901/ccs/tools/compiler/ti-cgt-arm_18.12.1.LTS/lib/</path>
         <kind>archive</kind>
         <file>rtsv7M4_T_le_v4SPD16_eabi.lib</file>
         <name>boot_cortex_m.c.obj</name>
      </input_file>
      <input_file id="fl-e4">
         <path>/Applications/ti/ccs901/ccs/tools/compiler/ti-cgt-arm_18.12.1.LTS/lib/</path>
         <kind>archive</kind>
         <file>rtsv7M4_T_le_v4SPD16_eabi.lib</file>
         <name>wcslen.c.obj</name>
      </input_file>
      <input_file id="fl-e5">
         <path>/Applications/ti/ccs901/ccs/tools/compiler/ti-cgt-arm_18.12.1.LTS/lib/</path>
         <kind>archive</kind>
         <file>rtsv7M4_T_le_v4SPD16_eabi.lib</file>
         <name>fflush.c.obj</name>
      </input_file>
      <input_file id="fl-e6">
         <path>/Applications/ti/ccs901/ccs/tools/compiler/ti-cgt-arm_18.12.1.LTS/lib/</path>
         <kind>archive</kind>
         <file>rtsv7M4_T_le_v4SPD16_eabi.lib</file>
         <name>fopen.c.obj</name>
      </input_file>
      <input_file id="fl-e7">
         <path>/Applications/ti/ccs901/ccs/tools/compiler/ti-cgt-arm_18.12.1.LTS/lib/</path>
         <kind>archive</kind>
         <file>rtsv7M4_T_le_v4SPD16_eabi.lib</file>
         <name>fseek.c.obj</name>
      </input_file>
      <input_file id="fl-e8">
         <path>/Applications/ti/ccs901/ccs/tools/compiler/ti-cgt-arm_18.12.1.LTS/lib/</path>
         <kind>archive</kind>
         <file>rtsv7M4_T_le_v4SPD16_eabi.lib</file>
         <name>div0.asm.obj</name>
      </input_file>
      <input_file id="fl-e9">
         <path>/Applications/ti/ccs901/ccs/tools/compiler/ti-cgt-arm_18.12.1.LTS/lib/</path>
         <kind>archive</kind>
         <file>rtsv7M4_T_le_v4SPD16_eabi.lib</file>
         <name>autoinit.c.obj</name>
      </input_file>
      <input_file id="fl-ea">
         <path>/Applications/ti/ccs901/ccs/tools/compiler/ti-cgt-arm_18.12.1.LTS/lib/</path>
         <kind>archive</kind>
         <file>rtsv7M4_T_le_v4SPD16_eabi.lib</file>
         <name>pre_init.c.obj</name>
      </input_file>
      <input_file id="fl-eb">
         <path>/Applications/ti/ccs901/ccs/tools/compiler/ti-cgt-arm_18.12.1.LTS/lib/</path>
         <kind>archive</kind>
         <file>rtsv7M4_T_le_v4SPD16_eabi.lib</file>
         <name>cpy_tbl.c.obj</name>
      </input_file>
      <input_file id="fl-ec">
         <path>/Applications/ti/ccs901/ccs/tools/compiler/ti-cgt-arm_18.12.1.LTS/lib/</path>
         <kind>archive</kind>
         <file>rtsv7M4_T_le_v4SPD16_eabi.lib</file>
         <name>args_main.c.obj</name>
      </input_file>
      <input_file id="fl-ed">
         <path>/Applications/ti/ccs901/ccs/tools/compiler/ti-cgt-arm_18.12.1.LTS/lib/</path>
         <kind>archive</kind>
         <file>rtsv7M4_T_le_v4SPD16_eabi.lib</file>
         <name>hostclose.c.obj</name>
      </input_file>
      <input_file id="fl-ee">
         <path>/Applications/ti/ccs901/ccs/tools/compiler/ti-cgt-arm_18.12.1.LTS/lib/</path>
         <kind>archive</kind>
         <file>rtsv7M4_T_le_v4SPD16_eabi.lib</file>
         <name>hostlseek.c.obj</name>
      </input_file>
      <input_file id="fl-ef">
         <path>/Applications/ti/ccs901/ccs/tools/compiler/ti-cgt-arm_18.12.1.LTS/lib/</path>
         <kind>archive</kind>
         <file>rtsv7M4_T_le_v4SPD16_eabi.lib</file>
         <name>hostopen.c.obj</name>
      </input_file>
      <input_file id="fl-f0">
         <path>/Applications/ti/ccs901/ccs/tools/compiler/ti-cgt-arm_18.12.1.LTS/lib/</path>
         <kind>archive</kind>
         <file>rtsv7M4_T_le_v4SPD16_eabi.lib</file>
         <name>hostread.c.obj</name>
      </input_file>
      <input_file id="fl-f1">
         <path>/Applications/ti/ccs901/ccs/tools/compiler/ti-cgt-arm_18.12.1.LTS/lib/</path>
         <kind>archive</kind>
         <file>rtsv7M4_T_le_v4SPD16_eabi.lib</file>
         <name>hostrename.c.obj</name>
      </input_file>
      <input_file id="fl-f2">
         <path>/Applications/ti/ccs901/ccs/tools/compiler/ti-cgt-arm_18.12.1.LTS/lib/</path>
         <kind>archive</kind>
         <file>rtsv7M4_T_le_v4SPD16_eabi.lib</file>
         <name>hostunlink.c.obj</name>
      </input_file>
      <input_file id="fl-f3">
         <path>/Applications/ti/ccs901/ccs/tools/compiler/ti-cgt-arm_18.12.1.LTS/lib/</path>
         <kind>archive</kind>
         <file>rtsv7M4_T_le_v4SPD16_eabi.lib</file>
         <name>hostwrite.c.obj</name>
      </input_file>
      <input_file id="fl-f4">
         <path>/Applications/ti/ccs901/ccs/tools/compiler/ti-cgt-arm_18.12.1.LTS/lib/</path>
         <kind>archive</kind>
         <file>rtsv7M4_T_le_v4SPD16_eabi.lib</file>
         <name>trgmsg.c.obj</name>
      </input_file>
      <input_file id="fl-f5">
         <path>/Applications/ti/ccs901/ccs/tools/compiler/ti-cgt-arm_18.12.1.LTS/lib/</path>
         <kind>archive</kind>
         <file>rtsv7M4_T_le_v4SPD16_eabi.lib</file>
         <name>open.c.obj</name>
      </input_file>
      <input_file id="fl-f6">
         <path>/Applications/ti/ccs901/ccs/tools/compiler/ti-cgt-arm_18.12.1.LTS/lib/</path>
         <kind>archive</kind>
         <file>rtsv7M4_T_le_v4SPD16_eabi.lib</file>
         <name>lseek.c.obj</name>
      </input_file>
      <input_file id="fl-f7">
         <path>/Applications/ti/ccs901/ccs/tools/compiler/ti-cgt-arm_18.12.1.LTS/lib/</path>
         <kind>archive</kind>
         <file>rtsv7M4_T_le_v4SPD16_eabi.lib</file>
         <name>fclose.c.obj</name>
      </input_file>
      <input_file id="fl-f8">
         <path>/Applications/ti/ccs901/ccs/tools/compiler/ti-cgt-arm_18.12.1.LTS/lib/</path>
         <kind>archive</kind>
         <file>rtsv7M4_T_le_v4SPD16_eabi.lib</file>
         <name>getdevice.c.obj</name>
      </input_file>
      <input_file id="fl-f9">
         <path>/Applications/ti/ccs901/ccs/tools/compiler/ti-cgt-arm_18.12.1.LTS/lib/</path>
         <kind>archive</kind>
         <file>rtsv7M4_T_le_v4SPD16_eabi.lib</file>
         <name>strcmp.c.obj</name>
      </input_file>
      <input_file id="fl-fa">
         <path>/Applications/ti/ccs901/ccs/tools/compiler/ti-cgt-arm_18.12.1.LTS/lib/</path>
         <kind>archive</kind>
         <file>rtsv7M4_T_le_v4SPD16_eabi.lib</file>
         <name>strcpy.c.obj</name>
      </input_file>
      <input_file id="fl-fb">
         <path>/Applications/ti/ccs901/ccs/tools/compiler/ti-cgt-arm_18.12.1.LTS/lib/</path>
         <kind>archive</kind>
         <file>rtsv7M4_T_le_v4SPD16_eabi.lib</file>
         <name>strncpy.c.obj</name>
      </input_file>
      <input_file id="fl-fc">
         <path>/Applications/ti/ccs901/ccs/tools/compiler/ti-cgt-arm_18.12.1.LTS/lib/</path>
         <kind>archive</kind>
         <file>rtsv7M4_T_le_v4SPD16_eabi.lib</file>
         <name>remove.c.obj</name>
      </input_file>
      <input_file id="fl-fd">
         <path>/Applications/ti/ccs901/ccs/tools/compiler/ti-cgt-arm_18.12.1.LTS/lib/</path>
         <kind>archive</kind>
         <file>rtsv7M4_T_le_v4SPD16_eabi.lib</file>
         <name>close.c.obj</name>
      </input_file>
      <input_file id="fl-fe">
         <path>/Applications/ti/ccs901/ccs/tools/compiler/ti-cgt-arm_18.12.1.LTS/lib/</path>
         <kind>archive</kind>
         <file>rtsv7M4_T_le_v4SPD16_eabi.lib</file>
         <name>unlink.c.obj</name>
      </input_file>
   </input_file_list>
   <object_component_list>
      <object_component id="oc-23">
         <name>.intvecs:retain</name>
         <load_address>0x0</load_address>
         <run_address>0x0</run_address>
         <size>0xe4</size>
         <input_file_ref idref="fl-5"/>
      </object_component>
      <object_component id="oc-6d">
         <name>.text</name>
         <load_address>0xe4</load_address>
         <run_address>0xe4</run_address>
         <size>0xaac</size>
         <input_file_ref idref="fl-4"/>
      </object_component>
      <object_component id="oc-150">
         <name>.text:__TI_printfi</name>
         <load_address>0xb90</load_address>
         <run_address>0xb90</run_address>
         <size>0xa4e</size>
         <input_file_ref idref="fl-c1"/>
      </object_component>
      <object_component id="oc-1fc">
         <name>.text:_nop</name>
         <load_address>0x15de</load_address>
         <run_address>0x15de</run_address>
         <size>0x2</size>
         <input_file_ref idref="fl-d6"/>
      </object_component>
      <object_component id="oc-73">
         <name>.text</name>
         <load_address>0x15e0</load_address>
         <run_address>0x15e0</run_address>
         <size>0x630</size>
         <input_file_ref idref="fl-3"/>
      </object_component>
      <object_component id="oc-af">
         <name>.text</name>
         <load_address>0x1c10</load_address>
         <run_address>0x1c10</run_address>
         <size>0x334</size>
         <input_file_ref idref="fl-6"/>
      </object_component>
      <object_component id="oc-1d8">
         <name>.text:_pconv_a</name>
         <load_address>0x1f44</load_address>
         <run_address>0x1f44</run_address>
         <size>0x270</size>
         <input_file_ref idref="fl-c1"/>
      </object_component>
      <object_component id="oc-b9">
         <name>.text</name>
         <load_address>0x21b4</load_address>
         <run_address>0x21b4</run_address>
         <size>0x244</size>
         <input_file_ref idref="fl-2"/>
      </object_component>
      <object_component id="oc-1c6">
         <name>.text:_pconv_g</name>
         <load_address>0x23f8</load_address>
         <run_address>0x23f8</run_address>
         <size>0x1d0</size>
         <input_file_ref idref="fl-c1"/>
      </object_component>
      <object_component id="oc-26c">
         <name>.text</name>
         <load_address>0x25c8</load_address>
         <run_address>0x25c8</run_address>
         <size>0x1b6</size>
         <input_file_ref idref="fl-ca"/>
      </object_component>
      <object_component id="oc-2f2">
         <name>.text</name>
         <load_address>0x277e</load_address>
         <run_address>0x277e</run_address>
         <size>0x2</size>
         <input_file_ref idref="fl-e8"/>
      </object_component>
      <object_component id="oc-1d2">
         <name>.text:_pconv_e</name>
         <load_address>0x2780</load_address>
         <run_address>0x2780</run_address>
         <size>0x13c</size>
         <input_file_ref idref="fl-c1"/>
      </object_component>
      <object_component id="oc-252">
         <name>.text</name>
         <load_address>0x28bc</load_address>
         <run_address>0x28bc</run_address>
         <size>0x136</size>
         <input_file_ref idref="fl-cc"/>
      </object_component>
      <object_component id="oc-27e">
         <name>.text:fcvt</name>
         <load_address>0x29f4</load_address>
         <run_address>0x29f4</run_address>
         <size>0x124</size>
         <input_file_ref idref="fl-c1"/>
      </object_component>
      <object_component id="oc-20a">
         <name>.text:fputs</name>
         <load_address>0x2b18</load_address>
         <run_address>0x2b18</run_address>
         <size>0x114</size>
         <input_file_ref idref="fl-c3"/>
      </object_component>
      <object_component id="oc-292">
         <name>.text:scalbn</name>
         <load_address>0x2c2c</load_address>
         <run_address>0x2c2c</run_address>
         <size>0x110</size>
         <input_file_ref idref="fl-c7"/>
      </object_component>
      <object_component id="oc-24d">
         <name>.text</name>
         <load_address>0x2d3c</load_address>
         <run_address>0x2d3c</run_address>
         <size>0xfc</size>
         <input_file_ref idref="fl-cd"/>
      </object_component>
      <object_component id="oc-39d">
         <name>.text:aligned_alloc</name>
         <load_address>0x2e38</load_address>
         <run_address>0x2e38</run_address>
         <size>0xf4</size>
         <input_file_ref idref="fl-dd"/>
      </object_component>
      <object_component id="oc-35b">
         <name>.text:free</name>
         <load_address>0x2f2c</load_address>
         <run_address>0x2f2c</run_address>
         <size>0xe8</size>
         <input_file_ref idref="fl-dd"/>
      </object_component>
      <object_component id="oc-32d">
         <name>.text:setvbuf</name>
         <load_address>0x3014</load_address>
         <run_address>0x3014</run_address>
         <size>0xdc</size>
         <input_file_ref idref="fl-c5"/>
      </object_component>
      <object_component id="oc-1bb">
         <name>.text:_ltostr</name>
         <load_address>0x30f0</load_address>
         <run_address>0x30f0</run_address>
         <size>0xb1</size>
         <input_file_ref idref="fl-c1"/>
      </object_component>
      <object_component id="oc-37">
         <name>.text</name>
         <load_address>0x31a2</load_address>
         <run_address>0x31a2</run_address>
         <size>0x9c</size>
         <input_file_ref idref="fl-d0"/>
      </object_component>
      <object_component id="oc-246">
         <name>.text</name>
         <load_address>0x323e</load_address>
         <run_address>0x323e</run_address>
         <size>0x96</size>
         <input_file_ref idref="fl-c9"/>
      </object_component>
      <object_component id="oc-211">
         <name>.text:fputc</name>
         <load_address>0x32d4</load_address>
         <run_address>0x32d4</run_address>
         <size>0x8c</size>
         <input_file_ref idref="fl-c2"/>
      </object_component>
      <object_component id="oc-1c1">
         <name>.text:__aeabi_cdcmple</name>
         <load_address>0x3360</load_address>
         <run_address>0x3360</run_address>
         <size>0x86</size>
         <input_file_ref idref="fl-cb"/>
      </object_component>
      <object_component id="oc-257">
         <name>.text:__aeabi_cdrcmple</name>
         <load_address>0x33e6</load_address>
         <run_address>0x33e6</run_address>
         <size>0x86</size>
         <input_file_ref idref="fl-cb"/>
      </object_component>
      <object_component id="oc-3e5">
         <name>.text:split</name>
         <load_address>0x346c</load_address>
         <run_address>0x346c</run_address>
         <size>0x7c</size>
         <input_file_ref idref="fl-dd"/>
      </object_component>
      <object_component id="oc-97">
         <name>.text</name>
         <load_address>0x34e8</load_address>
         <run_address>0x34e8</run_address>
         <size>0x7a</size>
         <input_file_ref idref="fl-d1"/>
      </object_component>
      <object_component id="oc-3a4">
         <name>.text:__TI_closefile</name>
         <load_address>0x3564</load_address>
         <run_address>0x3564</run_address>
         <size>0x74</size>
         <input_file_ref idref="fl-f7"/>
      </object_component>
      <object_component id="oc-277">
         <name>.text:_mcpy</name>
         <load_address>0x35d8</load_address>
         <run_address>0x35d8</run_address>
         <size>0x6e</size>
         <input_file_ref idref="fl-c1"/>
      </object_component>
      <object_component id="oc-3c8">
         <name>.text:HOSTlseek</name>
         <load_address>0x3648</load_address>
         <run_address>0x3648</run_address>
         <size>0x68</size>
         <input_file_ref idref="fl-ee"/>
      </object_component>
      <object_component id="oc-3d4">
         <name>.text:HOSTrename</name>
         <load_address>0x36b0</load_address>
         <run_address>0x36b0</run_address>
         <size>0x68</size>
         <input_file_ref idref="fl-f1"/>
      </object_component>
      <object_component id="oc-14">
         <name>.text:decompress:lzss:__TI_decompress_lzss</name>
         <load_address>0x3718</load_address>
         <run_address>0x3718</run_address>
         <size>0x68</size>
         <input_file_ref idref="fl-d4"/>
      </object_component>
      <object_component id="oc-bf">
         <name>.text:printf</name>
         <load_address>0x3780</load_address>
         <run_address>0x3780</run_address>
         <size>0x68</size>
         <input_file_ref idref="fl-c0"/>
      </object_component>
      <object_component id="oc-28c">
         <name>.text:frexp</name>
         <load_address>0x37e8</load_address>
         <run_address>0x37e8</run_address>
         <size>0x64</size>
         <input_file_ref idref="fl-c6"/>
      </object_component>
      <object_component id="oc-327">
         <name>.text:fseek</name>
         <load_address>0x384c</load_address>
         <run_address>0x384c</run_address>
         <size>0x64</size>
         <input_file_ref idref="fl-e7"/>
      </object_component>
      <object_component id="oc-2c3">
         <name>.text:__TI_wrt_ok</name>
         <load_address>0x38b0</load_address>
         <run_address>0x38b0</run_address>
         <size>0x62</size>
         <input_file_ref idref="fl-c4"/>
      </object_component>
      <object_component id="oc-3b0">
         <name>.text:HOSTopen</name>
         <load_address>0x3914</load_address>
         <run_address>0x3914</run_address>
         <size>0x60</size>
         <input_file_ref idref="fl-ef"/>
      </object_component>
      <object_component id="oc-3ec">
         <name>.text:close</name>
         <load_address>0x3974</load_address>
         <run_address>0x3974</run_address>
         <size>0x5c</size>
         <input_file_ref idref="fl-fd"/>
      </object_component>
      <object_component id="oc-3bc">
         <name>.text:HOSTread</name>
         <load_address>0x39d0</load_address>
         <run_address>0x39d0</run_address>
         <size>0x58</size>
         <input_file_ref idref="fl-f0"/>
      </object_component>
      <object_component id="oc-3c2">
         <name>.text:HOSTwrite</name>
         <load_address>0x3a28</load_address>
         <run_address>0x3a28</run_address>
         <size>0x58</size>
         <input_file_ref idref="fl-f3"/>
      </object_component>
      <object_component id="oc-1cc">
         <name>.text:_pconv_f</name>
         <load_address>0x3a80</load_address>
         <run_address>0x3a80</run_address>
         <size>0x56</size>
         <input_file_ref idref="fl-c1"/>
      </object_component>
      <object_component id="oc-261">
         <name>.text:ltoa</name>
         <load_address>0x3ad6</load_address>
         <run_address>0x3ad6</run_address>
         <size>0x54</size>
         <input_file_ref idref="fl-da"/>
      </object_component>
      <object_component id="oc-271">
         <name>.text:_ecpy</name>
         <load_address>0x3b2a</load_address>
         <run_address>0x3b2a</run_address>
         <size>0x52</size>
         <input_file_ref idref="fl-c1"/>
      </object_component>
      <object_component id="oc-2cf">
         <name>.text:__TI_doflush</name>
         <load_address>0x3b7c</load_address>
         <run_address>0x3b7c</run_address>
         <size>0x4c</size>
         <input_file_ref idref="fl-e5"/>
      </object_component>
      <object_component id="oc-1b5">
         <name>.text:atoi</name>
         <load_address>0x3bc8</load_address>
         <run_address>0x3bc8</run_address>
         <size>0x4c</size>
         <input_file_ref idref="fl-d7"/>
      </object_component>
      <object_component id="oc-10b">
         <name>.text:exit</name>
         <load_address>0x3c14</load_address>
         <run_address>0x3c14</run_address>
         <size>0x48</size>
         <input_file_ref idref="fl-d5"/>
      </object_component>
      <object_component id="oc-25c">
         <name>.text</name>
         <load_address>0x3c5c</load_address>
         <run_address>0x3c5c</run_address>
         <size>0x48</size>
         <input_file_ref idref="fl-ce"/>
      </object_component>
      <object_component id="oc-3b6">
         <name>.text:HOSTclose</name>
         <load_address>0x3ca4</load_address>
         <run_address>0x3ca4</run_address>
         <size>0x44</size>
         <input_file_ref idref="fl-ed"/>
      </object_component>
      <object_component id="oc-3ce">
         <name>.text:HOSTunlink</name>
         <load_address>0x3ce8</load_address>
         <run_address>0x3ce8</run_address>
         <size>0x44</size>
         <input_file_ref idref="fl-f2"/>
      </object_component>
      <object_component id="oc-111">
         <name>.text:__TI_auto_init_nobinit_nopinit:__TI_auto_init_nobinit_nopinit</name>
         <load_address>0x3d2c</load_address>
         <run_address>0x3d2c</run_address>
         <size>0x44</size>
         <input_file_ref idref="fl-e9"/>
      </object_component>
      <object_component id="oc-424">
         <name>.text:getdevice</name>
         <load_address>0x3d70</load_address>
         <run_address>0x3d70</run_address>
         <size>0x44</size>
         <input_file_ref idref="fl-f8"/>
      </object_component>
      <object_component id="oc-284">
         <name>.text:_fcpy</name>
         <load_address>0x3db4</load_address>
         <run_address>0x3db4</run_address>
         <size>0x3e</size>
         <input_file_ref idref="fl-c1"/>
      </object_component>
      <object_component id="oc-3fd">
         <name>.text:__TI_writemsg</name>
         <load_address>0x3df4</load_address>
         <run_address>0x3df4</run_address>
         <size>0x38</size>
         <input_file_ref idref="fl-f4"/>
      </object_component>
      <object_component id="oc-446">
         <name>.text:strncpy</name>
         <load_address>0x3e2c</load_address>
         <run_address>0x3e2c</run_address>
         <size>0x36</size>
         <input_file_ref idref="fl-fb"/>
      </object_component>
      <object_component id="oc-367">
         <name>.text:__TI_cleanup</name>
         <load_address>0x3e64</load_address>
         <run_address>0x3e64</run_address>
         <size>0x34</size>
         <input_file_ref idref="fl-e6"/>
      </object_component>
      <object_component id="oc-403">
         <name>.text:__TI_readmsg</name>
         <load_address>0x3e98</load_address>
         <run_address>0x3e98</run_address>
         <size>0x34</size>
         <input_file_ref idref="fl-f4"/>
      </object_component>
      <object_component id="oc-55">
         <name>.text:_c_int00_noargs:_c_int00_noargs</name>
         <load_address>0x3ecc</load_address>
         <run_address>0x3ecc</run_address>
         <size>0x34</size>
         <input_file_ref idref="fl-e3"/>
      </object_component>
      <object_component id="oc-44c">
         <name>.text:finddevice</name>
         <load_address>0x3f00</load_address>
         <run_address>0x3f00</run_address>
         <size>0x30</size>
         <input_file_ref idref="fl-f8"/>
      </object_component>
      <object_component id="oc-267">
         <name>.text</name>
         <load_address>0x3f30</load_address>
         <run_address>0x3f30</run_address>
         <size>0x2e</size>
         <input_file_ref idref="fl-cf"/>
      </object_component>
      <object_component id="oc-3f2">
         <name>.text:unlink</name>
         <load_address>0x3f60</load_address>
         <run_address>0x3f60</run_address>
         <size>0x2c</size>
         <input_file_ref idref="fl-fe"/>
      </object_component>
      <object_component id="oc-396">
         <name>.text:free_list_insert</name>
         <load_address>0x3f8c</load_address>
         <run_address>0x3f8c</run_address>
         <size>0x28</size>
         <input_file_ref idref="fl-dd"/>
      </object_component>
      <object_component id="oc-353">
         <name>.text:lseek</name>
         <load_address>0x3fb4</load_address>
         <run_address>0x3fb4</run_address>
         <size>0x28</size>
         <input_file_ref idref="fl-f6"/>
      </object_component>
      <object_component id="oc-2d5">
         <name>.text:write</name>
         <load_address>0x3fdc</load_address>
         <run_address>0x3fdc</run_address>
         <size>0x28</size>
         <input_file_ref idref="fl-e0"/>
      </object_component>
      <object_component id="oc-c5">
         <name>.text</name>
         <load_address>0x4004</load_address>
         <run_address>0x4004</run_address>
         <size>0x24</size>
         <input_file_ref idref="fl-1"/>
      </object_component>
      <object_component id="oc-2c9">
         <name>.text:memchr</name>
         <load_address>0x4028</load_address>
         <run_address>0x4028</run_address>
         <size>0x20</size>
         <input_file_ref idref="fl-dc"/>
      </object_component>
      <object_component id="oc-390">
         <name>.text:free_list_remove</name>
         <load_address>0x4048</load_address>
         <run_address>0x4048</run_address>
         <size>0x1c</size>
         <input_file_ref idref="fl-dd"/>
      </object_component>
      <object_component id="oc-1de">
         <name>.text:memccpy</name>
         <load_address>0x4064</load_address>
         <run_address>0x4064</run_address>
         <size>0x1c</size>
         <input_file_ref idref="fl-db"/>
      </object_component>
      <object_component id="oc-30b">
         <name>.text:copysign</name>
         <load_address>0x4080</load_address>
         <run_address>0x4080</run_address>
         <size>0x1a</size>
         <input_file_ref idref="fl-c8"/>
      </object_component>
      <object_component id="oc-463">
         <name>.text:strcmp</name>
         <load_address>0x409a</load_address>
         <run_address>0x409a</run_address>
         <size>0x18</size>
         <input_file_ref idref="fl-f9"/>
      </object_component>
      <object_component id="oc-298">
         <name>.text:strchr</name>
         <load_address>0x40b2</load_address>
         <run_address>0x40b2</run_address>
         <size>0x16</size>
         <input_file_ref idref="fl-de"/>
      </object_component>
      <object_component id="oc-417">
         <name>.text:strcpy</name>
         <load_address>0x40c8</load_address>
         <run_address>0x40c8</run_address>
         <size>0x14</size>
         <input_file_ref idref="fl-fa"/>
      </object_component>
      <object_component id="oc-1af">
         <name>.text:strlen</name>
         <load_address>0x40dc</load_address>
         <run_address>0x40dc</run_address>
         <size>0x14</size>
         <input_file_ref idref="fl-df"/>
      </object_component>
      <object_component id="oc-43">
         <name>.text:decompress:ZI:__TI_zero_init_nomemset:__TI_zero_init_nomemset</name>
         <load_address>0x40f0</load_address>
         <run_address>0x40f0</run_address>
         <size>0x12</size>
         <input_file_ref idref="fl-d2"/>
      </object_component>
      <object_component id="oc-1e4">
         <name>.text:wcslen</name>
         <load_address>0x4102</load_address>
         <run_address>0x4102</run_address>
         <size>0x12</size>
         <input_file_ref idref="fl-e4"/>
      </object_component>
      <object_component id="oc-1a">
         <name>.text:decompress:none:__TI_decompress_none</name>
         <load_address>0x4114</load_address>
         <run_address>0x4114</run_address>
         <size>0xe</size>
         <input_file_ref idref="fl-d3"/>
      </object_component>
      <object_component id="oc-67">
         <name>.text</name>
         <load_address>0x4122</load_address>
         <run_address>0x4122</run_address>
         <size>0xe</size>
         <input_file_ref idref="fl-5"/>
      </object_component>
      <object_component id="oc-1ea">
         <name>.text:__aeabi_errno_addr</name>
         <load_address>0x4130</load_address>
         <run_address>0x4130</run_address>
         <size>0x8</size>
         <input_file_ref idref="fl-e2"/>
      </object_component>
      <object_component id="oc-361">
         <name>.text:malloc</name>
         <load_address>0x4138</load_address>
         <run_address>0x4138</run_address>
         <size>0x8</size>
         <input_file_ref idref="fl-dd"/>
      </object_component>
      <object_component id="oc-162">
         <name>.text:_outc</name>
         <load_address>0x4140</load_address>
         <run_address>0x4140</run_address>
         <size>0x4</size>
         <input_file_ref idref="fl-c0"/>
      </object_component>
      <object_component id="oc-15c">
         <name>.text:_outs</name>
         <load_address>0x4144</load_address>
         <run_address>0x4144</run_address>
         <size>0x4</size>
         <input_file_ref idref="fl-c0"/>
      </object_component>
      <object_component id="oc-9d">
         <name>.text:_system_pre_init</name>
         <load_address>0x4148</load_address>
         <run_address>0x4148</run_address>
         <size>0x4</size>
         <input_file_ref idref="fl-ea"/>
      </object_component>
      <object_component id="oc-105">
         <name>.text:abort:abort</name>
         <load_address>0x414c</load_address>
         <run_address>0x414c</run_address>
         <size>0x4</size>
         <input_file_ref idref="fl-d5"/>
      </object_component>
      <object_component id="oc-241">
         <name>.const:.string:_ctypes_</name>
         <load_address>0x4150</load_address>
         <run_address>0x4150</run_address>
         <size>0x101</size>
         <input_file_ref idref="fl-d8"/>
      </object_component>
      <object_component id="oc-149">
         <name>.const:Mask</name>
         <load_address>0x4254</load_address>
         <run_address>0x4254</run_address>
         <size>0x20</size>
         <input_file_ref idref="fl-2"/>
      </object_component>
      <object_component id="oc-14c">
         <name>.const:Weight</name>
         <load_address>0x4274</load_address>
         <run_address>0x4274</run_address>
         <size>0x20</size>
         <input_file_ref idref="fl-2"/>
      </object_component>
      <object_component id="oc-4a1">
         <name>.cinit..data.load</name>
         <load_address>0x4298</load_address>
         <run_address>0x4298</run_address>
         <size>0x76</size>
      </object_component>
      <object_component id="oc-49f">
         <name>__TI_handler_table</name>
         <load_address>0x4310</load_address>
         <run_address>0x4310</run_address>
         <size>0xc</size>
      </object_component>
      <object_component id="oc-4a2">
         <name>.cinit..bss.load</name>
         <load_address>0x4320</load_address>
         <run_address>0x4320</run_address>
         <size>0x8</size>
      </object_component>
      <object_component id="oc-4a0">
         <name>__TI_cinit_table</name>
         <load_address>0x4328</load_address>
         <run_address>0x4328</run_address>
         <size>0x10</size>
      </object_component>
      <object_component id="oc-474">
         <name>.binit</name>
         <load_address>0x0</load_address>
         <run_address>0x0</run_address>
         <size>0x0</size>
      </object_component>
      <object_component id="oc-d8">
         <name>.data</name>
         <load_address>0x200005f0</load_address>
         <run_address>0x200005f0</run_address>
         <size>0xc</size>
         <input_file_ref idref="fl-3"/>
      </object_component>
      <object_component id="oc-b6">
         <name>.data</name>
         <load_address>0x200005b8</load_address>
         <run_address>0x200005b8</run_address>
         <size>0x1c</size>
         <input_file_ref idref="fl-4"/>
      </object_component>
      <object_component id="oc-143">
         <name>.data</name>
         <load_address>0x20000610</load_address>
         <run_address>0x20000610</run_address>
         <size>0x4</size>
         <input_file_ref idref="fl-6"/>
      </object_component>
      <object_component id="oc-18c">
         <name>.data:$O1$$</name>
         <load_address>0x200005e4</load_address>
         <run_address>0x200005e4</run_address>
         <size>0xc</size>
         <input_file_ref idref="fl-d5"/>
      </object_component>
      <object_component id="oc-156">
         <name>.data:$O1$$</name>
         <load_address>0x200005fc</load_address>
         <run_address>0x200005fc</run_address>
         <size>0x8</size>
         <input_file_ref idref="fl-d6"/>
      </object_component>
      <object_component id="oc-159">
         <name>.data:_ftable</name>
         <load_address>0x20000400</load_address>
         <run_address>0x20000400</run_address>
         <size>0xf0</size>
         <input_file_ref idref="fl-d9"/>
      </object_component>
      <object_component id="oc-3aa">
         <name>.data</name>
         <load_address>0x200005d4</load_address>
         <run_address>0x200005d4</run_address>
         <size>0x10</size>
         <input_file_ref idref="fl-d9"/>
      </object_component>
      <object_component id="oc-3e0">
         <name>.data:$O1$$</name>
         <load_address>0x20000604</load_address>
         <run_address>0x20000604</run_address>
         <size>0x8</size>
         <input_file_ref idref="fl-dd"/>
      </object_component>
      <object_component id="oc-37a">
         <name>.data:_device</name>
         <load_address>0x200004f0</load_address>
         <run_address>0x200004f0</run_address>
         <size>0x78</size>
         <input_file_ref idref="fl-e1"/>
      </object_component>
      <object_component id="oc-339">
         <name>.data:_stream</name>
         <load_address>0x20000568</load_address>
         <run_address>0x20000568</run_address>
         <size>0x50</size>
         <input_file_ref idref="fl-e1"/>
      </object_component>
      <object_component id="oc-2a8">
         <name>.data</name>
         <load_address>0x2000060c</load_address>
         <run_address>0x2000060c</run_address>
         <size>0x4</size>
         <input_file_ref idref="fl-e2"/>
      </object_component>
      <object_component id="oc-42e">
         <name>.bss:_CIOBUF_</name>
         <uninitialized>true</uninitialized>
         <run_address>0x20000614</run_address>
         <size>0x120</size>
         <input_file_ref idref="fl-f4"/>
      </object_component>
      <object_component id="oc-d5">
         <name>.common:LogicData</name>
         <uninitialized>true</uninitialized>
         <run_address>0x200007e2</run_address>
         <size>0x1</size>
      </object_component>
      <object_component id="oc-db">
         <name>.common:PeriodicTask2</name>
         <uninitialized>true</uninitialized>
         <run_address>0x200007dc</run_address>
         <size>0x4</size>
      </object_component>
      <object_component id="oc-cb">
         <name>.common:CollisionData</name>
         <uninitialized>true</uninitialized>
         <run_address>0x200007e0</run_address>
         <size>0x1</size>
      </object_component>
      <object_component id="oc-ce">
         <name>.common:CollisionFlag</name>
         <uninitialized>true</uninitialized>
         <run_address>0x200007e1</run_address>
         <size>0x1</size>
      </object_component>
      <object_component id="oc-3f8">
         <name>.common:__TI_tmpnams</name>
         <uninitialized>true</uninitialized>
         <run_address>0x20000734</run_address>
         <size>0xa0</size>
      </object_component>
      <object_component id="oc-409">
         <name>.common:parmbuf</name>
         <uninitialized>true</uninitialized>
         <run_address>0x200007d4</run_address>
         <size>0x8</size>
      </object_component>
      <object_component id="oc-26">
         <name>.sysmem</name>
         <uninitialized>true</uninitialized>
         <run_address>0x20000000</run_address>
         <size>0x10</size>
         <input_file_ref idref="fl-dd"/>
      </object_component>
      <object_component id="oc-4a4">
         <name>.sysmem</name>
         <uninitialized>true</uninitialized>
         <run_address>0x20000000</run_address>
         <size>0x0</size>
      </object_component>
      <object_component id="oc-29">
         <name>.stack</name>
         <uninitialized>true</uninitialized>
         <run_address>0x2000fe00</run_address>
         <size>0x4</size>
         <input_file_ref idref="fl-e3"/>
      </object_component>
      <object_component id="oc-4a3">
         <name>.stack</name>
         <uninitialized>true</uninitialized>
         <run_address>0x2000fe00</run_address>
         <size>0x0</size>
      </object_component>
      <object_component id="oc-18a">
         <name>.debug_info</name>
         <load_address>0x0</load_address>
         <run_address>0x0</run_address>
         <size>0x253</size>
         <input_file_ref idref="fl-1"/>
      </object_component>
      <object_component id="oc-c6">
         <name>.debug_info</name>
         <load_address>0x253</load_address>
         <run_address>0x253</run_address>
         <size>0x25e</size>
         <input_file_ref idref="fl-1"/>
      </object_component>
      <object_component id="oc-e4">
         <name>.debug_info</name>
         <load_address>0x4b1</load_address>
         <run_address>0x4b1</run_address>
         <size>0x26b</size>
         <input_file_ref idref="fl-1"/>
      </object_component>
      <object_component id="oc-32">
         <name>.debug_info</name>
         <load_address>0x71c</load_address>
         <run_address>0x71c</run_address>
         <size>0x84</size>
         <input_file_ref idref="fl-1"/>
      </object_component>
      <object_component id="oc-17c">
         <name>.debug_info</name>
         <load_address>0x7a0</load_address>
         <run_address>0x7a0</run_address>
         <size>0x297</size>
         <input_file_ref idref="fl-1"/>
      </object_component>
      <object_component id="oc-d0">
         <name>.debug_info</name>
         <load_address>0xa37</load_address>
         <run_address>0xa37</run_address>
         <size>0xbb</size>
         <input_file_ref idref="fl-1"/>
      </object_component>
      <object_component id="oc-1ac">
         <name>.debug_info</name>
         <load_address>0xaf2</load_address>
         <run_address>0xaf2</run_address>
         <size>0x55e</size>
         <input_file_ref idref="fl-2"/>
      </object_component>
      <object_component id="oc-14d">
         <name>.debug_info</name>
         <load_address>0x1050</load_address>
         <run_address>0x1050</run_address>
         <size>0xc8</size>
         <input_file_ref idref="fl-2"/>
      </object_component>
      <object_component id="oc-14a">
         <name>.debug_info</name>
         <load_address>0x1118</load_address>
         <run_address>0x1118</run_address>
         <size>0xc4</size>
         <input_file_ref idref="fl-2"/>
      </object_component>
      <object_component id="oc-ba">
         <name>.debug_info</name>
         <load_address>0x11dc</load_address>
         <run_address>0x11dc</run_address>
         <size>0x3ee</size>
         <input_file_ref idref="fl-2"/>
      </object_component>
      <object_component id="oc-183">
         <name>.debug_info</name>
         <load_address>0x15ca</load_address>
         <run_address>0x15ca</run_address>
         <size>0x37e2</size>
         <input_file_ref idref="fl-2"/>
      </object_component>
      <object_component id="oc-177">
         <name>.debug_info</name>
         <load_address>0x4dac</load_address>
         <run_address>0x4dac</run_address>
         <size>0x1055</size>
         <input_file_ref idref="fl-2"/>
      </object_component>
      <object_component id="oc-d6">
         <name>.debug_info</name>
         <load_address>0x5e01</load_address>
         <run_address>0x5e01</run_address>
         <size>0x578</size>
         <input_file_ref idref="fl-3"/>
      </object_component>
      <object_component id="oc-d9">
         <name>.debug_info</name>
         <load_address>0x6379</load_address>
         <run_address>0x6379</run_address>
         <size>0x15c</size>
         <input_file_ref idref="fl-3"/>
      </object_component>
      <object_component id="oc-74">
         <name>.debug_info</name>
         <load_address>0x64d5</load_address>
         <run_address>0x64d5</run_address>
         <size>0x11e1</size>
         <input_file_ref idref="fl-3"/>
      </object_component>
      <object_component id="oc-dd">
         <name>.debug_info</name>
         <load_address>0x76b6</load_address>
         <run_address>0x76b6</run_address>
         <size>0xb4</size>
         <input_file_ref idref="fl-3"/>
      </object_component>
      <object_component id="oc-cc">
         <name>.debug_info</name>
         <load_address>0x776a</load_address>
         <run_address>0x776a</run_address>
         <size>0x6e2</size>
         <input_file_ref idref="fl-4"/>
      </object_component>
      <object_component id="oc-b7">
         <name>.debug_info</name>
         <load_address>0x7e4c</load_address>
         <run_address>0x7e4c</run_address>
         <size>0x19a</size>
         <input_file_ref idref="fl-4"/>
      </object_component>
      <object_component id="oc-6e">
         <name>.debug_info</name>
         <load_address>0x7fe6</load_address>
         <run_address>0x7fe6</run_address>
         <size>0x18d3</size>
         <input_file_ref idref="fl-4"/>
      </object_component>
      <object_component id="oc-172">
         <name>.debug_info</name>
         <load_address>0x98b9</load_address>
         <run_address>0x98b9</run_address>
         <size>0x37e2</size>
         <input_file_ref idref="fl-4"/>
      </object_component>
      <object_component id="oc-7b">
         <name>.debug_info</name>
         <load_address>0xd09b</load_address>
         <run_address>0xd09b</run_address>
         <size>0x2bc</size>
         <input_file_ref idref="fl-5"/>
      </object_component>
      <object_component id="oc-24">
         <name>.debug_info</name>
         <load_address>0xd357</load_address>
         <run_address>0xd357</run_address>
         <size>0xe8</size>
         <input_file_ref idref="fl-5"/>
      </object_component>
      <object_component id="oc-68">
         <name>.debug_info</name>
         <load_address>0xd43f</load_address>
         <run_address>0xd43f</run_address>
         <size>0x1af</size>
         <input_file_ref idref="fl-5"/>
      </object_component>
      <object_component id="oc-144">
         <name>.debug_info</name>
         <load_address>0xd5ee</load_address>
         <run_address>0xd5ee</run_address>
         <size>0xe1</size>
         <input_file_ref idref="fl-6"/>
      </object_component>
      <object_component id="oc-b0">
         <name>.debug_info</name>
         <load_address>0xd6cf</load_address>
         <run_address>0xd6cf</run_address>
         <size>0x253</size>
         <input_file_ref idref="fl-6"/>
      </object_component>
      <object_component id="oc-169">
         <name>.debug_info</name>
         <load_address>0xd922</load_address>
         <run_address>0xd922</run_address>
         <size>0x3e9</size>
         <input_file_ref idref="fl-c0"/>
      </object_component>
      <object_component id="oc-163">
         <name>.debug_info</name>
         <load_address>0xdd0b</load_address>
         <run_address>0xdd0b</run_address>
         <size>0x15b</size>
         <input_file_ref idref="fl-c0"/>
      </object_component>
      <object_component id="oc-15d">
         <name>.debug_info</name>
         <load_address>0xde66</load_address>
         <run_address>0xde66</run_address>
         <size>0x16a</size>
         <input_file_ref idref="fl-c0"/>
      </object_component>
      <object_component id="oc-c0">
         <name>.debug_info</name>
         <load_address>0xdfd0</load_address>
         <run_address>0xdfd0</run_address>
         <size>0x1b0</size>
         <input_file_ref idref="fl-c0"/>
      </object_component>
      <object_component id="oc-21a">
         <name>.debug_info</name>
         <load_address>0xe180</load_address>
         <run_address>0xe180</run_address>
         <size>0xb2</size>
         <input_file_ref idref="fl-c0"/>
      </object_component>
      <object_component id="oc-21f">
         <name>.debug_info</name>
         <load_address>0xe232</load_address>
         <run_address>0xe232</run_address>
         <size>0x4e</size>
         <input_file_ref idref="fl-c0"/>
      </object_component>
      <object_component id="oc-16a">
         <name>.debug_info</name>
         <load_address>0xe280</load_address>
         <run_address>0xe280</run_address>
         <size>0x2c</size>
         <input_file_ref idref="fl-c0"/>
      </object_component>
      <object_component id="oc-1f1">
         <name>.debug_info</name>
         <load_address>0xe2ac</load_address>
         <run_address>0xe2ac</run_address>
         <size>0x57f</size>
         <input_file_ref idref="fl-c1"/>
      </object_component>
      <object_component id="oc-1bc">
         <name>.debug_info</name>
         <load_address>0xe82b</load_address>
         <run_address>0xe82b</run_address>
         <size>0x222</size>
         <input_file_ref idref="fl-c1"/>
      </object_component>
      <object_component id="oc-272">
         <name>.debug_info</name>
         <load_address>0xea4d</load_address>
         <run_address>0xea4d</run_address>
         <size>0x1b7</size>
         <input_file_ref idref="fl-c1"/>
      </object_component>
      <object_component id="oc-278">
         <name>.debug_info</name>
         <load_address>0xec04</load_address>
         <run_address>0xec04</run_address>
         <size>0x21f</size>
         <input_file_ref idref="fl-c1"/>
      </object_component>
      <object_component id="oc-1c7">
         <name>.debug_info</name>
         <load_address>0xee23</load_address>
         <run_address>0xee23</run_address>
         <size>0x3bf</size>
         <input_file_ref idref="fl-c1"/>
      </object_component>
      <object_component id="oc-27f">
         <name>.debug_info</name>
         <load_address>0xf1e2</load_address>
         <run_address>0xf1e2</run_address>
         <size>0x309</size>
         <input_file_ref idref="fl-c1"/>
      </object_component>
      <object_component id="oc-285">
         <name>.debug_info</name>
         <load_address>0xf4eb</load_address>
         <run_address>0xf4eb</run_address>
         <size>0x219</size>
         <input_file_ref idref="fl-c1"/>
      </object_component>
      <object_component id="oc-1cd">
         <name>.debug_info</name>
         <load_address>0xf704</load_address>
         <run_address>0xf704</run_address>
         <size>0x219</size>
         <input_file_ref idref="fl-c1"/>
      </object_component>
      <object_component id="oc-1d3">
         <name>.debug_info</name>
         <load_address>0xf91d</load_address>
         <run_address>0xf91d</run_address>
         <size>0x308</size>
         <input_file_ref idref="fl-c1"/>
      </object_component>
      <object_component id="oc-1d9">
         <name>.debug_info</name>
         <load_address>0xfc25</load_address>
         <run_address>0xfc25</run_address>
         <size>0x4b4</size>
         <input_file_ref idref="fl-c1"/>
      </object_component>
      <object_component id="oc-151">
         <name>.debug_info</name>
         <load_address>0x100d9</load_address>
         <run_address>0x100d9</run_address>
         <size>0x5f8</size>
         <input_file_ref idref="fl-c1"/>
      </object_component>
      <object_component id="oc-1f2">
         <name>.debug_info</name>
         <load_address>0x106d1</load_address>
         <run_address>0x106d1</run_address>
         <size>0x86</size>
         <input_file_ref idref="fl-c1"/>
      </object_component>
      <object_component id="oc-2b4">
         <name>.debug_info</name>
         <load_address>0x10757</load_address>
         <run_address>0x10757</run_address>
         <size>0x39</size>
         <input_file_ref idref="fl-c1"/>
      </object_component>
      <object_component id="oc-322">
         <name>.debug_info</name>
         <load_address>0x10790</load_address>
         <run_address>0x10790</run_address>
         <size>0xb6</size>
         <input_file_ref idref="fl-c1"/>
      </object_component>
      <object_component id="oc-2b9">
         <name>.debug_info</name>
         <load_address>0x10846</load_address>
         <run_address>0x10846</run_address>
         <size>0x46</size>
         <input_file_ref idref="fl-c1"/>
      </object_component>
      <object_component id="oc-1f7">
         <name>.debug_info</name>
         <load_address>0x1088c</load_address>
         <run_address>0x1088c</run_address>
         <size>0x46</size>
         <input_file_ref idref="fl-c1"/>
      </object_component>
      <object_component id="oc-2af">
         <name>.debug_info</name>
         <load_address>0x108d2</load_address>
         <run_address>0x108d2</run_address>
         <size>0x2c</size>
         <input_file_ref idref="fl-c1"/>
      </object_component>
      <object_component id="oc-2de">
         <name>.debug_info</name>
         <load_address>0x108fe</load_address>
         <run_address>0x108fe</run_address>
         <size>0x387</size>
         <input_file_ref idref="fl-c2"/>
      </object_component>
      <object_component id="oc-212">
         <name>.debug_info</name>
         <load_address>0x10c85</load_address>
         <run_address>0x10c85</run_address>
         <size>0x1ee</size>
         <input_file_ref idref="fl-c2"/>
      </object_component>
      <object_component id="oc-2dc">
         <name>.debug_info</name>
         <load_address>0x10e73</load_address>
         <run_address>0x10e73</run_address>
         <size>0x400</size>
         <input_file_ref idref="fl-c3"/>
      </object_component>
      <object_component id="oc-20b">
         <name>.debug_info</name>
         <load_address>0x11273</load_address>
         <run_address>0x11273</run_address>
         <size>0x2e6</size>
         <input_file_ref idref="fl-c3"/>
      </object_component>
      <object_component id="oc-fc">
         <name>.debug_info</name>
         <load_address>0x11559</load_address>
         <run_address>0x11559</run_address>
         <size>0x2c</size>
         <input_file_ref idref="fl-c3"/>
      </object_component>
      <object_component id="oc-334">
         <name>.debug_info</name>
         <load_address>0x11585</load_address>
         <run_address>0x11585</run_address>
         <size>0x304</size>
         <input_file_ref idref="fl-c4"/>
      </object_component>
      <object_component id="oc-2c4">
         <name>.debug_info</name>
         <load_address>0x11889</load_address>
         <run_address>0x11889</run_address>
         <size>0x1a0</size>
         <input_file_ref idref="fl-c4"/>
      </object_component>
      <object_component id="oc-36f">
         <name>.debug_info</name>
         <load_address>0x11a29</load_address>
         <run_address>0x11a29</run_address>
         <size>0xbf</size>
         <input_file_ref idref="fl-c4"/>
      </object_component>
      <object_component id="oc-36e">
         <name>.debug_info</name>
         <load_address>0x11ae8</load_address>
         <run_address>0x11ae8</run_address>
         <size>0x378</size>
         <input_file_ref idref="fl-c5"/>
      </object_component>
      <object_component id="oc-32e">
         <name>.debug_info</name>
         <load_address>0x11e60</load_address>
         <run_address>0x11e60</run_address>
         <size>0x20f</size>
         <input_file_ref idref="fl-c5"/>
      </object_component>
      <object_component id="oc-305">
         <name>.debug_info</name>
         <load_address>0x1206f</load_address>
         <run_address>0x1206f</run_address>
         <size>0x29e</size>
         <input_file_ref idref="fl-c6"/>
      </object_component>
      <object_component id="oc-28d">
         <name>.debug_info</name>
         <load_address>0x1230d</load_address>
         <run_address>0x1230d</run_address>
         <size>0x199</size>
         <input_file_ref idref="fl-c6"/>
      </object_component>
      <object_component id="oc-349">
         <name>.debug_info</name>
         <load_address>0x124a6</load_address>
         <run_address>0x124a6</run_address>
         <size>0x39</size>
         <input_file_ref idref="fl-c6"/>
      </object_component>
      <object_component id="oc-306">
         <name>.debug_info</name>
         <load_address>0x124df</load_address>
         <run_address>0x124df</run_address>
         <size>0x2c</size>
         <input_file_ref idref="fl-c6"/>
      </object_component>
      <object_component id="oc-312">
         <name>.debug_info</name>
         <load_address>0x1250b</load_address>
         <run_address>0x1250b</run_address>
         <size>0x301</size>
         <input_file_ref idref="fl-c7"/>
      </object_component>
      <object_component id="oc-293">
         <name>.debug_info</name>
         <load_address>0x1280c</load_address>
         <run_address>0x1280c</run_address>
         <size>0x229</size>
         <input_file_ref idref="fl-c7"/>
      </object_component>
      <object_component id="oc-30c">
         <name>.debug_info</name>
         <load_address>0x12a35</load_address>
         <run_address>0x12a35</run_address>
         <size>0x165</size>
         <input_file_ref idref="fl-c8"/>
      </object_component>
      <object_component id="oc-249">
         <name>.debug_info</name>
         <load_address>0x12b9a</load_address>
         <run_address>0x12b9a</run_address>
         <size>0x138</size>
         <input_file_ref idref="fl-c9"/>
      </object_component>
      <object_component id="oc-26d">
         <name>.debug_info</name>
         <load_address>0x12cd2</load_address>
         <run_address>0x12cd2</run_address>
         <size>0x150</size>
         <input_file_ref idref="fl-ca"/>
      </object_component>
      <object_component id="oc-1c2">
         <name>.debug_info</name>
         <load_address>0x12e22</load_address>
         <run_address>0x12e22</run_address>
         <size>0x12c</size>
         <input_file_ref idref="fl-cb"/>
      </object_component>
      <object_component id="oc-258">
         <name>.debug_info</name>
         <load_address>0x12f4e</load_address>
         <run_address>0x12f4e</run_address>
         <size>0x12e</size>
         <input_file_ref idref="fl-cb"/>
      </object_component>
      <object_component id="oc-254">
         <name>.debug_info</name>
         <load_address>0x1307c</load_address>
         <run_address>0x1307c</run_address>
         <size>0x13e</size>
         <input_file_ref idref="fl-cc"/>
      </object_component>
      <object_component id="oc-24e">
         <name>.debug_info</name>
         <load_address>0x131ba</load_address>
         <run_address>0x131ba</run_address>
         <size>0x13e</size>
         <input_file_ref idref="fl-cd"/>
      </object_component>
      <object_component id="oc-25d">
         <name>.debug_info</name>
         <load_address>0x132f8</load_address>
         <run_address>0x132f8</run_address>
         <size>0x132</size>
         <input_file_ref idref="fl-ce"/>
      </object_component>
      <object_component id="oc-268">
         <name>.debug_info</name>
         <load_address>0x1342a</load_address>
         <run_address>0x1342a</run_address>
         <size>0x130</size>
         <input_file_ref idref="fl-cf"/>
      </object_component>
      <object_component id="oc-38">
         <name>.debug_info</name>
         <load_address>0x1355a</load_address>
         <run_address>0x1355a</run_address>
         <size>0x11d</size>
         <input_file_ref idref="fl-d0"/>
      </object_component>
      <object_component id="oc-98">
         <name>.debug_info</name>
         <load_address>0x13677</load_address>
         <run_address>0x13677</run_address>
         <size>0x14b</size>
         <input_file_ref idref="fl-d1"/>
      </object_component>
      <object_component id="oc-96">
         <name>.debug_info</name>
         <load_address>0x137c2</load_address>
         <run_address>0x137c2</run_address>
         <size>0x2d8</size>
         <input_file_ref idref="fl-d2"/>
      </object_component>
      <object_component id="oc-44">
         <name>.debug_info</name>
         <load_address>0x13a9a</load_address>
         <run_address>0x13a9a</run_address>
         <size>0x1c3</size>
         <input_file_ref idref="fl-d2"/>
      </object_component>
      <object_component id="oc-91">
         <name>.debug_info</name>
         <load_address>0x13c5d</load_address>
         <run_address>0x13c5d</run_address>
         <size>0x46</size>
         <input_file_ref idref="fl-d2"/>
      </object_component>
      <object_component id="oc-42">
         <name>.debug_info</name>
         <load_address>0x13ca3</load_address>
         <run_address>0x13ca3</run_address>
         <size>0x2ac</size>
         <input_file_ref idref="fl-d3"/>
      </object_component>
      <object_component id="oc-1b">
         <name>.debug_info</name>
         <load_address>0x13f4f</load_address>
         <run_address>0x13f4f</run_address>
         <size>0x1ee</size>
         <input_file_ref idref="fl-d3"/>
      </object_component>
      <object_component id="oc-3d">
         <name>.debug_info</name>
         <load_address>0x1413d</load_address>
         <run_address>0x1413d</run_address>
         <size>0x46</size>
         <input_file_ref idref="fl-d3"/>
      </object_component>
      <object_component id="oc-89">
         <name>.debug_info</name>
         <load_address>0x14183</load_address>
         <run_address>0x14183</run_address>
         <size>0x2c</size>
         <input_file_ref idref="fl-d3"/>
      </object_component>
      <object_component id="oc-87">
         <name>.debug_info</name>
         <load_address>0x141af</load_address>
         <run_address>0x141af</run_address>
         <size>0x2a2</size>
         <input_file_ref idref="fl-d4"/>
      </object_component>
      <object_component id="oc-15">
         <name>.debug_info</name>
         <load_address>0x14451</load_address>
         <run_address>0x14451</run_address>
         <size>0x254</size>
         <input_file_ref idref="fl-d4"/>
      </object_component>
      <object_component id="oc-2d">
         <name>.debug_info</name>
         <load_address>0x146a5</load_address>
         <run_address>0x146a5</run_address>
         <size>0x60</size>
         <input_file_ref idref="fl-d4"/>
      </object_component>
      <object_component id="oc-f5">
         <name>.debug_info</name>
         <load_address>0x14705</load_address>
         <run_address>0x14705</run_address>
         <size>0x46</size>
         <input_file_ref idref="fl-d4"/>
      </object_component>
      <object_component id="oc-82">
         <name>.debug_info</name>
         <load_address>0x1474b</load_address>
         <run_address>0x1474b</run_address>
         <size>0x39</size>
         <input_file_ref idref="fl-d4"/>
      </object_component>
      <object_component id="oc-190">
         <name>.debug_info</name>
         <load_address>0x14784</load_address>
         <run_address>0x14784</run_address>
         <size>0x3b1</size>
         <input_file_ref idref="fl-d5"/>
      </object_component>
      <object_component id="oc-18d">
         <name>.debug_info</name>
         <load_address>0x14b35</load_address>
         <run_address>0x14b35</run_address>
         <size>0x194</size>
         <input_file_ref idref="fl-d5"/>
      </object_component>
      <object_component id="oc-106">
         <name>.debug_info</name>
         <load_address>0x14cc9</load_address>
         <run_address>0x14cc9</run_address>
         <size>0x126</size>
         <input_file_ref idref="fl-d5"/>
      </object_component>
      <object_component id="oc-10c">
         <name>.debug_info</name>
         <load_address>0x14def</load_address>
         <run_address>0x14def</run_address>
         <size>0x188</size>
         <input_file_ref idref="fl-d5"/>
      </object_component>
      <object_component id="oc-204">
         <name>.debug_info</name>
         <load_address>0x14f77</load_address>
         <run_address>0x14f77</run_address>
         <size>0x2cd</size>
         <input_file_ref idref="fl-d6"/>
      </object_component>
      <object_component id="oc-157">
         <name>.debug_info</name>
         <load_address>0x15244</load_address>
         <run_address>0x15244</run_address>
         <size>0x122</size>
         <input_file_ref idref="fl-d6"/>
      </object_component>
      <object_component id="oc-1fd">
         <name>.debug_info</name>
         <load_address>0x15366</load_address>
         <run_address>0x15366</run_address>
         <size>0x132</size>
         <input_file_ref idref="fl-d6"/>
      </object_component>
      <object_component id="oc-245">
         <name>.debug_info</name>
         <load_address>0x15498</load_address>
         <run_address>0x15498</run_address>
         <size>0x2bd</size>
         <input_file_ref idref="fl-d7"/>
      </object_component>
      <object_component id="oc-1b6">
         <name>.debug_info</name>
         <load_address>0x15755</load_address>
         <run_address>0x15755</run_address>
         <size>0x180</size>
         <input_file_ref idref="fl-d7"/>
      </object_component>
      <object_component id="oc-2ef">
         <name>.debug_info</name>
         <load_address>0x158d5</load_address>
         <run_address>0x158d5</run_address>
         <size>0xfd</size>
         <input_file_ref idref="fl-d8"/>
      </object_component>
      <object_component id="oc-242">
         <name>.debug_info</name>
         <load_address>0x159d2</load_address>
         <run_address>0x159d2</run_address>
         <size>0x109</size>
         <input_file_ref idref="fl-d8"/>
      </object_component>
      <object_component id="oc-208">
         <name>.debug_info</name>
         <load_address>0x15adb</load_address>
         <run_address>0x15adb</run_address>
         <size>0x148</size>
         <input_file_ref idref="fl-d9"/>
      </object_component>
      <object_component id="oc-15a">
         <name>.debug_info</name>
         <load_address>0x15c23</load_address>
         <run_address>0x15c23</run_address>
         <size>0x106</size>
         <input_file_ref idref="fl-d9"/>
      </object_component>
      <object_component id="oc-3ab">
         <name>.debug_info</name>
         <load_address>0x15d29</load_address>
         <run_address>0x15d29</run_address>
         <size>0x193</size>
         <input_file_ref idref="fl-d9"/>
      </object_component>
      <object_component id="oc-2fd">
         <name>.debug_info</name>
         <load_address>0x15ebc</load_address>
         <run_address>0x15ebc</run_address>
         <size>0x29f</size>
         <input_file_ref idref="fl-da"/>
      </object_component>
      <object_component id="oc-262">
         <name>.debug_info</name>
         <load_address>0x1615b</load_address>
         <run_address>0x1615b</run_address>
         <size>0x1d1</size>
         <input_file_ref idref="fl-da"/>
      </object_component>
      <object_component id="oc-2a0">
         <name>.debug_info</name>
         <load_address>0x1632c</load_address>
         <run_address>0x1632c</run_address>
         <size>0x29a</size>
         <input_file_ref idref="fl-db"/>
      </object_component>
      <object_component id="oc-1df">
         <name>.debug_info</name>
         <load_address>0x165c6</load_address>
         <run_address>0x165c6</run_address>
         <size>0x1ba</size>
         <input_file_ref idref="fl-db"/>
      </object_component>
      <object_component id="oc-336">
         <name>.debug_info</name>
         <load_address>0x16780</load_address>
         <run_address>0x16780</run_address>
         <size>0x2a9</size>
         <input_file_ref idref="fl-dc"/>
      </object_component>
      <object_component id="oc-2ca">
         <name>.debug_info</name>
         <load_address>0x16a29</load_address>
         <run_address>0x16a29</run_address>
         <size>0x267</size>
         <input_file_ref idref="fl-dc"/>
      </object_component>
      <object_component id="oc-7e">
         <name>.debug_info</name>
         <load_address>0x16c90</load_address>
         <run_address>0x16c90</run_address>
         <size>0x3b6</size>
         <input_file_ref idref="fl-dd"/>
      </object_component>
      <object_component id="oc-27">
         <name>.debug_info</name>
         <load_address>0x17046</load_address>
         <run_address>0x17046</run_address>
         <size>0x110</size>
         <input_file_ref idref="fl-dd"/>
      </object_component>
      <object_component id="oc-3e1">
         <name>.debug_info</name>
         <load_address>0x17156</load_address>
         <run_address>0x17156</run_address>
         <size>0x143</size>
         <input_file_ref idref="fl-dd"/>
      </object_component>
      <object_component id="oc-365">
         <name>.debug_info</name>
         <load_address>0x17299</load_address>
         <run_address>0x17299</run_address>
         <size>0x16c</size>
         <input_file_ref idref="fl-dd"/>
      </object_component>
      <object_component id="oc-394">
         <name>.debug_info</name>
         <load_address>0x17405</load_address>
         <run_address>0x17405</run_address>
         <size>0x192</size>
         <input_file_ref idref="fl-dd"/>
      </object_component>
      <object_component id="oc-39a">
         <name>.debug_info</name>
         <load_address>0x17597</load_address>
         <run_address>0x17597</run_address>
         <size>0x1a3</size>
         <input_file_ref idref="fl-dd"/>
      </object_component>
      <object_component id="oc-35f">
         <name>.debug_info</name>
         <load_address>0x1773a</load_address>
         <run_address>0x1773a</run_address>
         <size>0x207</size>
         <input_file_ref idref="fl-dd"/>
      </object_component>
      <object_component id="oc-3e9">
         <name>.debug_info</name>
         <load_address>0x17941</load_address>
         <run_address>0x17941</run_address>
         <size>0x1df</size>
         <input_file_ref idref="fl-dd"/>
      </object_component>
      <object_component id="oc-3a1">
         <name>.debug_info</name>
         <load_address>0x17b20</load_address>
         <run_address>0x17b20</run_address>
         <size>0x29d</size>
         <input_file_ref idref="fl-dd"/>
      </object_component>
      <object_component id="oc-f0">
         <name>.debug_info</name>
         <load_address>0x17dbd</load_address>
         <run_address>0x17dbd</run_address>
         <size>0xb2</size>
         <input_file_ref idref="fl-dd"/>
      </object_component>
      <object_component id="oc-eb">
         <name>.debug_info</name>
         <load_address>0x17e6f</load_address>
         <run_address>0x17e6f</run_address>
         <size>0x2c</size>
         <input_file_ref idref="fl-dd"/>
      </object_component>
      <object_component id="oc-314">
         <name>.debug_info</name>
         <load_address>0x17e9b</load_address>
         <run_address>0x17e9b</run_address>
         <size>0x29e</size>
         <input_file_ref idref="fl-de"/>
      </object_component>
      <object_component id="oc-299">
         <name>.debug_info</name>
         <load_address>0x18139</load_address>
         <run_address>0x18139</run_address>
         <size>0x26c</size>
         <input_file_ref idref="fl-de"/>
      </object_component>
      <object_component id="oc-240">
         <name>.debug_info</name>
         <load_address>0x183a5</load_address>
         <run_address>0x183a5</run_address>
         <size>0x293</size>
         <input_file_ref idref="fl-df"/>
      </object_component>
      <object_component id="oc-1b0">
         <name>.debug_info</name>
         <load_address>0x18638</load_address>
         <run_address>0x18638</run_address>
         <size>0x24f</size>
         <input_file_ref idref="fl-df"/>
      </object_component>
      <object_component id="oc-33d">
         <name>.debug_info</name>
         <load_address>0x18887</load_address>
         <run_address>0x18887</run_address>
         <size>0x39b</size>
         <input_file_ref idref="fl-e0"/>
      </object_component>
      <object_component id="oc-2d6">
         <name>.debug_info</name>
         <load_address>0x18c22</load_address>
         <run_address>0x18c22</run_address>
         <size>0x193</size>
         <input_file_ref idref="fl-e0"/>
      </object_component>
      <object_component id="oc-382">
         <name>.debug_info</name>
         <load_address>0x18db5</load_address>
         <run_address>0x18db5</run_address>
         <size>0x120</size>
         <input_file_ref idref="fl-e0"/>
      </object_component>
      <object_component id="oc-387">
         <name>.debug_info</name>
         <load_address>0x18ed5</load_address>
         <run_address>0x18ed5</run_address>
         <size>0x2c</size>
         <input_file_ref idref="fl-e0"/>
      </object_component>
      <object_component id="oc-37f">
         <name>.debug_info</name>
         <load_address>0x18f01</load_address>
         <run_address>0x18f01</run_address>
         <size>0x33b</size>
         <input_file_ref idref="fl-e1"/>
      </object_component>
      <object_component id="oc-37b">
         <name>.debug_info</name>
         <load_address>0x1923c</load_address>
         <run_address>0x1923c</run_address>
         <size>0x10d</size>
         <input_file_ref idref="fl-e1"/>
      </object_component>
      <object_component id="oc-33a">
         <name>.debug_info</name>
         <load_address>0x19349</load_address>
         <run_address>0x19349</run_address>
         <size>0x10d</size>
         <input_file_ref idref="fl-e1"/>
      </object_component>
      <object_component id="oc-2ac">
         <name>.debug_info</name>
         <load_address>0x19456</load_address>
         <run_address>0x19456</run_address>
         <size>0x28d</size>
[...]
      <symbol id="sm-528">
         <name>copysign</name>
         <value>0x4081</value>
         <object_component_ref idref="oc-30b"/>
      </symbol>
      <symbol id="sm-529">
         <name>copysignl</name>
         <value>0x4081</value>
         <object_component_ref idref="oc-30b"/>
      </symbol>
      <symbol id="sm-536">
         <name>__aeabi_uldivmod</name>
         <value>0x323f</value>
         <object_component_ref idref="oc-246"/>
      </symbol>
      <symbol id="sm-54d">
         <name>__aeabi_dsub</name>
         <value>0x25c9</value>
         <object_component_ref idref="oc-26c"/>
      </symbol>
      <symbol id="sm-54e">
         <name>__aeabi_dadd</name>
         <value>0x25d3</value>
         <object_component_ref idref="oc-26c"/>
      </symbol>
      <symbol id="sm-570">
         <name>__aeabi_cdcmpeq</name>
         <value>0x3361</value>
         <object_component_ref idref="oc-1c1"/>
      </symbol>
      <symbol id="sm-571">
         <name>__aeabi_cdcmple</name>
         <value>0x3361</value>
         <object_component_ref idref="oc-1c1"/>
      </symbol>
      <symbol id="sm-572">
         <name>__aeabi_cdrcmple</name>
         <value>0x33e7</value>
         <object_component_ref idref="oc-257"/>
      </symbol>
      <symbol id="sm-586">
         <name>__aeabi_ddiv</name>
         <value>0x28bd</value>
         <object_component_ref idref="oc-252"/>
      </symbol>
      <symbol id="sm-591">
         <name>__aeabi_dmul</name>
         <value>0x2d3d</value>
         <object_component_ref idref="oc-24d"/>
      </symbol>
      <symbol id="sm-59b">
         <name>__aeabi_d2iz</name>
         <value>0x3c5d</value>
         <object_component_ref idref="oc-25c"/>
      </symbol>
      <symbol id="sm-5a5">
         <name>__aeabi_i2d</name>
         <value>0x3f31</value>
         <object_component_ref idref="oc-267"/>
      </symbol>
      <symbol id="sm-5c0">
         <name>memcpy</name>
         <value>0x31a3</value>
         <object_component_ref idref="oc-37"/>
      </symbol>
      <symbol id="sm-5c1">
         <name>__aeabi_memcpy</name>
         <value>0x31a3</value>
         <object_component_ref idref="oc-37"/>
      </symbol>
      <symbol id="sm-5c2">
         <name>__aeabi_memcpy8</name>
         <value>0x31a3</value>
         <object_component_ref idref="oc-37"/>
      </symbol>
      <symbol id="sm-5c3">
         <name>__aeabi_memcpy4</name>
         <value>0x31a3</value>
         <object_component_ref idref="oc-37"/>
      </symbol>
      <symbol id="sm-5d2">
         <name>__aeabi_memset</name>
         <value>0x34eb</value>
         <object_component_ref idref="oc-97"/>
      </symbol>
      <symbol id="sm-5d3">
         <name>memset</name>
         <value>0x34f1</value>
         <object_component_ref idref="oc-97"/>
      </symbol>
      <symbol id="sm-5d4">
         <name>__aeabi_memset8</name>
         <value>0x34eb</value>
         <object_component_ref idref="oc-97"/>
      </symbol>
      <symbol id="sm-5d5">
         <name>__aeabi_memset4</name>
         <value>0x34eb</value>
         <object_component_ref idref="oc-97"/>
      </symbol>
      <symbol id="sm-5d6">
         <name>__aeabi_memclr8</name>
         <value>0x34e9</value>
         <object_component_ref idref="oc-97"/>
      </symbol>
      <symbol id="sm-5d7">
         <name>__aeabi_memclr4</name>
         <value>0x34e9</value>
         <object_component_ref idref="oc-97"/>
      </symbol>
      <symbol id="sm-5d8">
         <name>__aeabi_memclr</name>
         <value>0x34e9</value>
         <object_component_ref idref="oc-97"/>
      </symbol>
      <symbol id="sm-5ec">
         <name>__TI_zero_init_nomemset</name>
         <value>0x40f1</value>
         <object_component_ref idref="oc-43"/>
      </symbol>
      <symbol id="sm-603">
         <name>__TI_decompress_none</name>
         <value>0x4115</value>
         <object_component_ref idref="oc-1a"/>
      </symbol>
      <symbol id="sm-626">
         <name>__TI_decompress_lzss</name>
         <value>0x3719</value>
         <object_component_ref idref="oc-14"/>
      </symbol>
      <symbol id="sm-64c">
         <name>C$$EXIT</name>
         <value>0x414d</value>
         <object_component_ref idref="oc-105"/>
      </symbol>
      <symbol id="sm-64d">
         <name>abort</name>
         <value>0x414d</value>
         <object_component_ref idref="oc-105"/>
      </symbol>
      <symbol id="sm-64e">
         <name>__TI_dtors_ptr</name>
         <value>0x200005e8</value>
         <object_component_ref idref="oc-18c"/>
      </symbol>
      <symbol id="sm-64f">
         <name>__TI_cleanup_ptr</name>
         <value>0x200005e4</value>
         <object_component_ref idref="oc-18c"/>
      </symbol>
      <symbol id="sm-650">
         <name>__TI_enable_exit_profile_output</name>
         <value>0x200005ec</value>
         <object_component_ref idref="oc-18c"/>
      </symbol>
      <symbol id="sm-651">
         <name>exit</name>
         <value>0x3c15</value>
         <object_component_ref idref="oc-10b"/>
      </symbol>
      <symbol id="sm-666">
         <name>_nop</name>
         <value>0x15df</value>
         <object_component_ref idref="oc-1fc"/>
      </symbol>
      <symbol id="sm-667">
         <name>_lock</name>
         <value>0x200005fc</value>
         <object_component_ref idref="oc-156"/>
      </symbol>
      <symbol id="sm-668">
         <name>_unlock</name>
         <value>0x20000600</value>
         <object_component_ref idref="oc-156"/>
      </symbol>
      <symbol id="sm-67e">
         <name>atoi</name>
         <value>0x3bc9</value>
         <object_component_ref idref="oc-1b5"/>
      </symbol>
      <symbol id="sm-689">
         <name>_ctypes_</name>
         <value>0x4150</value>
         <object_component_ref idref="oc-241"/>
      </symbol>
      <symbol id="sm-69e">
         <name>__TI_tmpnams</name>
         <value>0x20000734</value>
      </symbol>
      <symbol id="sm-69f">
         <name>__aeabi_stdout</name>
         <value>0x200005dc</value>
         <object_component_ref idref="oc-3aa"/>
      </symbol>
      <symbol id="sm-6a0">
         <name>__aeabi_stderr</name>
         <value>0x200005e0</value>
         <object_component_ref idref="oc-3aa"/>
      </symbol>
      <symbol id="sm-6a1">
         <name>__aeabi_stdin</name>
         <value>0x200005d8</value>
         <object_component_ref idref="oc-3aa"/>
      </symbol>
      <symbol id="sm-6a2">
         <name>_ftable</name>
         <value>0x20000400</value>
         <object_component_ref idref="oc-159"/>
      </symbol>
      <symbol id="sm-6a3">
         <name>__TI_ft_end</name>
         <value>0x200005d4</value>
         <object_component_ref idref="oc-3aa"/>
      </symbol>
      <symbol id="sm-6b2">
         <name>ltoa</name>
         <value>0x3ad7</value>
         <object_component_ref idref="oc-261"/>
      </symbol>
      <symbol id="sm-6c2">
         <name>memccpy</name>
         <value>0x4065</value>
         <object_component_ref idref="oc-1de"/>
      </symbol>
      <symbol id="sm-6d2">
         <name>memchr</name>
         <value>0x4029</value>
         <object_component_ref idref="oc-2c9"/>
      </symbol>
      <symbol id="sm-759">
         <name>_sys_memory</name>
         <value>0x20000000</value>
         <object_component_ref idref="oc-26"/>
      </symbol>
      <symbol id="sm-75a">
         <name>free</name>
         <value>0x2f2d</value>
         <object_component_ref idref="oc-35b"/>
      </symbol>
      <symbol id="sm-75b">
         <name>memalign</name>
         <value>0x2e39</value>
         <object_component_ref idref="oc-39d"/>
      </symbol>
      <symbol id="sm-75c">
         <name>malloc</name>
         <value>0x4139</value>
         <object_component_ref idref="oc-361"/>
      </symbol>
      <symbol id="sm-75d">
         <name>aligned_alloc</name>
         <value>0x2e39</value>
         <object_component_ref idref="oc-39d"/>
      </symbol>
      <symbol id="sm-76d">
         <name>strchr</name>
         <value>0x40b3</value>
         <object_component_ref idref="oc-298"/>
      </symbol>
      <symbol id="sm-77b">
         <name>strlen</name>
         <value>0x40dd</value>
         <object_component_ref idref="oc-1af"/>
      </symbol>
      <symbol id="sm-795">
         <name>write</name>
         <value>0x3fdd</value>
         <object_component_ref idref="oc-2d5"/>
      </symbol>
      <symbol id="sm-7a6">
         <name>_stream</name>
         <value>0x20000568</value>
         <object_component_ref idref="oc-339"/>
      </symbol>
      <symbol id="sm-7a7">
         <name>_device</name>
         <value>0x200004f0</value>
         <object_component_ref idref="oc-37a"/>
      </symbol>
      <symbol id="sm-7bd">
         <name>__aeabi_errno_addr</name>
         <value>0x4131</value>
         <object_component_ref idref="oc-1ea"/>
      </symbol>
      <symbol id="sm-7be">
         <name>errno</name>
         <value>0x2000060c</value>
         <object_component_ref idref="oc-2a8"/>
      </symbol>
      <symbol id="sm-7d1">
         <name>__stack</name>
         <value>0x2000fe00</value>
         <object_component_ref idref="oc-29"/>
      </symbol>
      <symbol id="sm-7d2">
         <name>_c_int00_noargs</name>
         <value>0x3ecd</value>
         <object_component_ref idref="oc-55"/>
      </symbol>
      <symbol id="sm-7eb">
         <name>wcslen</name>
         <value>0x4103</value>
         <object_component_ref idref="oc-1e4"/>
      </symbol>
      <symbol id="sm-7fb">
         <name>__TI_doflush</name>
         <value>0x3b7d</value>
         <object_component_ref idref="oc-2cf"/>
      </symbol>
      <symbol id="sm-80b">
         <name>__TI_cleanup</name>
         <value>0x3e65</value>
         <object_component_ref idref="oc-367"/>
      </symbol>
      <symbol id="sm-81d">
         <name>fseek</name>
         <value>0x384d</value>
         <object_component_ref idref="oc-327"/>
      </symbol>
      <symbol id="sm-827">
         <name>__aeabi_idiv0</name>
         <value>0x277f</value>
         <object_component_ref idref="oc-2f2"/>
      </symbol>
      <symbol id="sm-828">
         <name>__aeabi_ldiv0</name>
         <value>0x277f</value>
         <object_component_ref idref="oc-2f2"/>
      </symbol>
      <symbol id="sm-850">
         <name>__TI_auto_init_nobinit_nopinit</name>
         <value>0x3d2d</value>
         <object_component_ref idref="oc-111"/>
      </symbol>
      <symbol id="sm-85a">
         <name>_system_pre_init</name>
         <value>0x4149</value>
         <object_component_ref idref="oc-9d"/>
      </symbol>
      <symbol id="sm-86d">
         <name>HOSTclose</name>
         <value>0x3ca5</value>
         <object_component_ref idref="oc-3b6"/>
      </symbol>
      <symbol id="sm-87e">
         <name>HOSTlseek</name>
         <value>0x3649</value>
         <object_component_ref idref="oc-3c8"/>
      </symbol>
      <symbol id="sm-890">
         <name>parmbuf</name>
         <value>0x200007d4</value>
      </symbol>
      <symbol id="sm-891">
         <name>HOSTopen</name>
         <value>0x3915</value>
         <object_component_ref idref="oc-3b0"/>
      </symbol>
      <symbol id="sm-8a2">
         <name>HOSTread</name>
         <value>0x39d1</value>
         <object_component_ref idref="oc-3bc"/>
      </symbol>
      <symbol id="sm-8b3">
         <name>HOSTrename</name>
         <value>0x36b1</value>
         <object_component_ref idref="oc-3d4"/>
      </symbol>
      <symbol id="sm-8c4">
         <name>HOSTunlink</name>
         <value>0x3ce9</value>
         <object_component_ref idref="oc-3ce"/>
      </symbol>
      <symbol id="sm-8d5">
         <name>HOSTwrite</name>
         <value>0x3a29</value>
         <object_component_ref idref="oc-3c2"/>
      </symbol>
      <symbol id="sm-8f9">
         <name>__TI_readmsg</name>
         <value>0x3e99</value>
         <object_component_ref idref="oc-403"/>
      </symbol>
      <symbol id="sm-8fa">
         <name>C$$IO$$</name>
         <value>0x3e23</value>
         <object_component_ref idref="oc-3fd"/>
      </symbol>
      <symbol id="sm-8fb">
         <name>__CIOBUF_</name>
         <value>0x20000614</value>
         <object_component_ref idref="oc-42e"/>
      </symbol>
      <symbol id="sm-8fc">
         <name>__TI_writemsg</name>
         <value>0x3df5</value>
         <object_component_ref idref="oc-3fd"/>
      </symbol>
      <symbol id="sm-90d">
         <name>lseek</name>
         <value>0x3fb5</value>
         <object_component_ref idref="oc-353"/>
      </symbol>
      <symbol id="sm-922">
         <name>__TI_closefile</name>
         <value>0x3565</value>
         <object_component_ref idref="oc-3a4"/>
      </symbol>
      <symbol id="sm-945">
         <name>finddevice</name>
         <value>0x3f01</value>
         <object_component_ref idref="oc-44c"/>
      </symbol>
      <symbol id="sm-946">
         <name>getdevice</name>
         <value>0x3d71</value>
         <object_component_ref idref="oc-424"/>
      </symbol>
      <symbol id="sm-955">
         <name>strcmp</name>
         <value>0x409b</value>
         <object_component_ref idref="oc-463"/>
      </symbol>
      <symbol id="sm-963">
         <name>strcpy</name>
         <value>0x40c9</value>
         <object_component_ref idref="oc-417"/>
      </symbol>
      <symbol id="sm-973">
         <name>strncpy</name>
         <value>0x3e2d</value>
         <object_component_ref idref="oc-446"/>
      </symbol>
      <symbol id="sm-988">
         <name>close</name>
         <value>0x3975</value>
         <object_component_ref idref="oc-3ec"/>
      </symbol>
      <symbol id="sm-998">
         <name>unlink</name>
         <value>0x3f61</value>
         <object_component_ref idref="oc-3f2"/>
      </symbol>
      <symbol id="sm-999">
         <name>__TI_static_base__</name>
         <value>0x0</value>
      </symbol>
      <symbol id="sm-99c">
         <name>__mpu_init</name>
         <value>0x0</value>
      </symbol>
      <symbol id="sm-99d">
         <name>_system_post_cinit</name>
         <value>0x0</value>
      </symbol>
      <symbol id="sm-99e">
         <name>NMI_Handler</name>
         <value>0x412f</value>
      </symbol>
      <symbol id="sm-99f">
         <name>HardFault_Handler</name>
         <value>0x412f</value>
      </symbol>
      <symbol id="sm-9a0">
         <name>MemManage_Handler</name>
         <value>0x412f</value>
      </symbol>
      <symbol id="sm-9a1">
         <name>BusFault_Handler</name>
         <value>0x412f</value>
      </symbol>
      <symbol id="sm-9a2">
         <name>UsageFault_Handler</name>
         <value>0x412f</value>
      </symbol>
      <symbol id="sm-9a3">
         <name>SVC_Handler</name>
         <value>0x412f</value>
      </symbol>
      <symbol id="sm-9a4">
         <name>DebugMon_Handler</name>
         <value>0x412f</value>
      </symbol>
      <symbol id="sm-9a5">
         <name>PendSV_Handler</name>
         <value>0x412f</value>
      </symbol>
      <symbol id="sm-9a6">
         <name>SysTick_Handler</name>
         <value>0x2af</value>
      </symbol>
      <symbol id="sm-9a7">
         <name>PSS_IRQHandler</name>
         <value>0x412f</value>
      </symbol>
      <symbol id="sm-9a8">
         <name>CS_IRQHandler</name>
         <value>0x412f</value>
      </symbol>
      <symbol id="sm-9a9">
         <name>PCM_IRQHandler</name>
         <value>0x412f</value>
      </symbol>
      <symbol id="sm-9aa">
         <name>WDT_A_IRQHandler</name>
         <value>0x412f</value>
      </symbol>
      <symbol id="sm-9ab">
         <name>FPU_IRQHandler</name>
         <value>0x412f</value>
      </symbol>
      <symbol id="sm-9ac">
         <name>FLCTL_IRQHandler</name>
         <value>0x412f</value>
      </symbol>
      <symbol id="sm-9ad">
         <name>COMP_E0_IRQHandler</name>
         <value>0x412f</value>
      </symbol>
      <symbol id="sm-9ae">
         <name>COMP_E1_IRQHandler</name>
         <value>0x412f</value>
      </symbol>
      <symbol id="sm-9af">
         <name>TA0_0_IRQHandler</name>
         <value>0x412f</value>
      </symbol>
      <symbol id="sm-9b0">
         <name>TA0_N_IRQHandler</name>
         <value>0x412f</value>
      </symbol>
      <symbol id="sm-9b1">
         <name>TA1_0_IRQHandler</name>
         <value>0x412f</value>
      </symbol>
      <symbol id="sm-9b2">
         <name>TA1_N_IRQHandler</name>
         <value>0x412f</value>
      </symbol>
      <symbol id="sm-9b3">
         <name>TA2_0_IRQHandler</name>
         <value>0x412f</value>
      </symbol>
      <symbol id="sm-9b4">
         <name>TA2_N_IRQHandler</name>
         <value>0x412f</value>
      </symbol>
      <symbol id="sm-9b5">
         <name>TA3_0_IRQHandler</name>
         <value>0x412f</value>
      </symbol>
      <symbol id="sm-9b6">
         <name>TA3_N_IRQHandler</name>
         <value>0x412f</value>
      </symbol>
      <symbol id="sm-9b7">
         <name>EUSCIA0_IRQHandler</name>
         <value>0x412f</value>
      </symbol>
      <symbol id="sm-9b8">
         <name>EUSCIA1_IRQHandler</name>
         <value>0x412f</value>
      </symbol>
      <symbol id="sm-9b9">
         <name>EUSCIA2_IRQHandler</name>
         <value>0x412f</value>
      </symbol>
      <symbol id="sm-9ba">
         <name>EUSCIA3_IRQHandler</name>
         <value>0x412f</value>
      </symbol>
      <symbol id="sm-9bb">
         <name>EUSCIB0_IRQHandler</name>
         <value>0x412f</value>
      </symbol>
      <symbol id="sm-9bc">
         <name>EUSCIB1_IRQHandler</name>
         <value>0x412f</value>
      </symbol>
      <symbol id="sm-9bd">
         <name>EUSCIB2_IRQHandler</name>
         <value>0x412f</value>
      </symbol>
      <symbol id="sm-9be">
         <name>EUSCIB3_IRQHandler</name>
         <value>0x412f</value>
      </symbol>
      <symbol id="sm-9bf">
         <name>ADC14_IRQHandler</name>
         <value>0x412f</value>
      </symbol>
      <symbol id="sm-9c0">
         <name>T32_INT1_IRQHandler</name>
         <value>0x17bd</value>
      </symbol>
      <symbol id="sm-9c1">
         <name>T32_INT2_IRQHandler</name>
         <value>0x412f</value>
      </symbol>
      <symbol id="sm-9c2">
         <name>T32_INTC_IRQHandler</name>
         <value>0x412f</value>
      </symbol>
      <symbol id="sm-9c3">
         <name>AES256_IRQHandler</name>
         <value>0x412f</value>
      </symbol>
      <symbol id="sm-9c4">
         <name>RTC_C_IRQHandler</name>
         <value>0x412f</value>
      </symbol>
      <symbol id="sm-9c5">
         <name>DMA_ERR_IRQHandler</name>
         <value>0x412f</value>
      </symbol>
      <symbol id="sm-9c6">
         <name>DMA_INT3_IRQHandler</name>
         <value>0x412f</value>
      </symbol>
      <symbol id="sm-9c7">
         <name>DMA_INT2_IRQHandler</name>
         <value>0x412f</value>
      </symbol>
      <symbol id="sm-9c8">
         <name>DMA_INT1_IRQHandler</name>
         <value>0x412f</value>
      </symbol>
      <symbol id="sm-9c9">
         <name>DMA_INT0_IRQHandler</name>
         <value>0x412f</value>
      </symbol>
      <symbol id="sm-9ca">
         <name>PORT1_IRQHandler</name>
         <value>0x412f</value>
      </symbol>
      <symbol id="sm-9cb">
         <name>PORT2_IRQHandler</name>
         <value>0x412f</value>
      </symbol>
      <symbol id="sm-9cc">
         <name>PORT3_IRQHandler</name>
         <value>0x412f</value>
      </symbol>
      <symbol id="sm-9cd">
         <name>PORT4_IRQHandler</name>
         <value>0x97f</value>
      </symbol>
      <symbol id="sm-9ce">
         <name>PORT5_IRQHandler</name>
         <value>0x412f</value>
      </symbol>
      <symbol id="sm-9cf">
         <name>PORT6_IRQHandler</name>
         <value>0x412f</value>
      </symbol>
      <symbol id="sm-9d0">
         <name>remove</name>
         <value>0x3f61</value>
      </symbol>
   </symbol_table>
   <title>Link successful</title>
</link_info>
